Archive member included because of file (symbol)

c:/freescale/kds_3.0.0/toolchain/bin/../lib/gcc/arm-none-eabi/4.8.4/armv6-m\libgcc.a(_udivsi3.o)
                              ./SDK/platform/system/src/clock/MKL25Z4/fsl_clock_MKL25Z4.o (__aeabi_uidiv)
c:/freescale/kds_3.0.0/toolchain/bin/../lib/gcc/arm-none-eabi/4.8.4/armv6-m\libgcc.a(_dvmd_tls.o)
                              c:/freescale/kds_3.0.0/toolchain/bin/../lib/gcc/arm-none-eabi/4.8.4/armv6-m\libgcc.a(_udivsi3.o) (__aeabi_idiv0)
c:/freescale/kds_3.0.0/toolchain/bin/../lib/gcc/arm-none-eabi/4.8.4/../../../../arm-none-eabi/lib/armv6-m\libg_s.a(lib_a-assert.o)
                              ./SDK/platform/system/src/interrupt/fsl_interrupt_manager.o (__assert_func)
c:/freescale/kds_3.0.0/toolchain/bin/../lib/gcc/arm-none-eabi/4.8.4/../../../../arm-none-eabi/lib/armv6-m\libg_s.a(lib_a-exit.o)
                              c:/freescale/kds_3.0.0/toolchain/bin/../lib/gcc/arm-none-eabi/4.8.4/../../../../arm-none-eabi/lib/armv6-m/crt0.o (exit)
c:/freescale/kds_3.0.0/toolchain/bin/../lib/gcc/arm-none-eabi/4.8.4/../../../../arm-none-eabi/lib/armv6-m\libg_s.a(lib_a-fprintf.o)
                              c:/freescale/kds_3.0.0/toolchain/bin/../lib/gcc/arm-none-eabi/4.8.4/../../../../arm-none-eabi/lib/armv6-m\libg_s.a(lib_a-assert.o) (fiprintf)
c:/freescale/kds_3.0.0/toolchain/bin/../lib/gcc/arm-none-eabi/4.8.4/../../../../arm-none-eabi/lib/armv6-m\libg_s.a(lib_a-impure.o)
                              c:/freescale/kds_3.0.0/toolchain/bin/../lib/gcc/arm-none-eabi/4.8.4/../../../../arm-none-eabi/lib/armv6-m\libg_s.a(lib_a-exit.o) (_global_impure_ptr)
c:/freescale/kds_3.0.0/toolchain/bin/../lib/gcc/arm-none-eabi/4.8.4/../../../../arm-none-eabi/lib/armv6-m\libg_s.a(lib_a-init.o)
                              c:/freescale/kds_3.0.0/toolchain/bin/../lib/gcc/arm-none-eabi/4.8.4/../../../../arm-none-eabi/lib/armv6-m/crt0.o (__libc_init_array)
c:/freescale/kds_3.0.0/toolchain/bin/../lib/gcc/arm-none-eabi/4.8.4/../../../../arm-none-eabi/lib/armv6-m\libg_s.a(lib_a-malloc.o)
                              ./SDK/rtos/FreeRTOS/src/heap_3.o (malloc)
c:/freescale/kds_3.0.0/toolchain/bin/../lib/gcc/arm-none-eabi/4.8.4/../../../../arm-none-eabi/lib/armv6-m\libg_s.a(lib_a-memcpy-stub.o)
                              ./SDK/rtos/FreeRTOS/src/queue.o (memcpy)
c:/freescale/kds_3.0.0/toolchain/bin/../lib/gcc/arm-none-eabi/4.8.4/../../../../arm-none-eabi/lib/armv6-m\libg_s.a(lib_a-memset.o)
                              c:/freescale/kds_3.0.0/toolchain/bin/../lib/gcc/arm-none-eabi/4.8.4/../../../../arm-none-eabi/lib/armv6-m/crt0.o (memset)
c:/freescale/kds_3.0.0/toolchain/bin/../lib/gcc/arm-none-eabi/4.8.4/../../../../arm-none-eabi/lib/armv6-m\libg_s.a(lib_a-nano-freer.o)
                              c:/freescale/kds_3.0.0/toolchain/bin/../lib/gcc/arm-none-eabi/4.8.4/../../../../arm-none-eabi/lib/armv6-m\libg_s.a(lib_a-malloc.o) (_free_r)
c:/freescale/kds_3.0.0/toolchain/bin/../lib/gcc/arm-none-eabi/4.8.4/../../../../arm-none-eabi/lib/armv6-m\libg_s.a(lib_a-nano-mallocr.o)
                              c:/freescale/kds_3.0.0/toolchain/bin/../lib/gcc/arm-none-eabi/4.8.4/../../../../arm-none-eabi/lib/armv6-m\libg_s.a(lib_a-malloc.o) (_malloc_r)
c:/freescale/kds_3.0.0/toolchain/bin/../lib/gcc/arm-none-eabi/4.8.4/../../../../arm-none-eabi/lib/armv6-m\libg_s.a(lib_a-sbrkr.o)
                              c:/freescale/kds_3.0.0/toolchain/bin/../lib/gcc/arm-none-eabi/4.8.4/../../../../arm-none-eabi/lib/armv6-m\libg_s.a(lib_a-nano-mallocr.o) (_sbrk_r)
c:/freescale/kds_3.0.0/toolchain/bin/../lib/gcc/arm-none-eabi/4.8.4/../../../../arm-none-eabi/lib/armv6-m\libg_s.a(lib_a-vfprintf.o)
                              c:/freescale/kds_3.0.0/toolchain/bin/../lib/gcc/arm-none-eabi/4.8.4/../../../../arm-none-eabi/lib/armv6-m\libg_s.a(lib_a-fprintf.o) (_vfprintf_r)
c:/freescale/kds_3.0.0/toolchain/bin/../lib/gcc/arm-none-eabi/4.8.4/../../../../arm-none-eabi/lib/armv6-m\libg_s.a(lib_a-vfprintf_i.o)
                              c:/freescale/kds_3.0.0/toolchain/bin/../lib/gcc/arm-none-eabi/4.8.4/../../../../arm-none-eabi/lib/armv6-m\libg_s.a(lib_a-vfprintf.o) (_printf_i)
c:/freescale/kds_3.0.0/toolchain/bin/../lib/gcc/arm-none-eabi/4.8.4/../../../../arm-none-eabi/lib/armv6-m\libg_s.a(lib_a-wbuf.o)
                              c:/freescale/kds_3.0.0/toolchain/bin/../lib/gcc/arm-none-eabi/4.8.4/../../../../arm-none-eabi/lib/armv6-m\libg_s.a(lib_a-vfprintf.o) (__swbuf_r)
c:/freescale/kds_3.0.0/toolchain/bin/../lib/gcc/arm-none-eabi/4.8.4/../../../../arm-none-eabi/lib/armv6-m\libg_s.a(lib_a-wsetup.o)
                              c:/freescale/kds_3.0.0/toolchain/bin/../lib/gcc/arm-none-eabi/4.8.4/../../../../arm-none-eabi/lib/armv6-m\libg_s.a(lib_a-vfprintf.o) (__swsetup_r)
c:/freescale/kds_3.0.0/toolchain/bin/../lib/gcc/arm-none-eabi/4.8.4/../../../../arm-none-eabi/lib/armv6-m\libg_s.a(lib_a-abort.o)
[...]
Memory Configuration

Name             Origin             Length             Attributes
m_interrupts     0x00000000         0x00000200         xr
m_flash_config   0x00000400         0x00000010         xr
m_interrupts_ram 0x1ffff000         0x00000200         rw
m_text           0x00000410         0x0001fbf0         xr
m_data           0x1ffff200         0x00003e00         rw
*default*        0x00000000         0xffffffff

Linker script and memory map

LOAD c:/freescale/kds_3.0.0/toolchain/bin/../lib/gcc/arm-none-eabi/4.8.4/armv6-m/crti.o
LOAD c:/freescale/kds_3.0.0/toolchain/bin/../lib/gcc/arm-none-eabi/4.8.4/armv6-m/crtbegin.o
LOAD c:/freescale/kds_3.0.0/toolchain/bin/../lib/gcc/arm-none-eabi/4.8.4/../../../../arm-none-eabi/lib/armv6-m/crt0.o
LOAD ./Static_Code/System/PE_low_level_init.o
LOAD ./Sources/Events.o
LOAD ./Sources/main.o
LOAD ./SDK/rtos/FreeRTOS/src/croutine.o
LOAD ./SDK/rtos/FreeRTOS/src/event_groups.o
LOAD ./SDK/rtos/FreeRTOS/src/heap_1.o
LOAD ./SDK/rtos/FreeRTOS/src/heap_2.o
LOAD ./SDK/rtos/FreeRTOS/src/heap_3.o
LOAD ./SDK/rtos/FreeRTOS/src/heap_4.o
LOAD ./SDK/rtos/FreeRTOS/src/list.o
LOAD ./SDK/rtos/FreeRTOS/src/queue.o
LOAD ./SDK/rtos/FreeRTOS/src/tasks.o
LOAD ./SDK/rtos/FreeRTOS/src/timers.o
LOAD ./SDK/rtos/FreeRTOS/port/gcc/port.o
LOAD ./SDK/rtos/FreeRTOS/port/gcc/portasm.o
LOAD ./SDK/platform/system/src/interrupt/fsl_interrupt_manager.o
LOAD ./SDK/platform/system/src/clock/MKL25Z4/fsl_clock_MKL25Z4.o
LOAD ./SDK/platform/system/src/clock/fsl_clock_manager.o
LOAD ./SDK/platform/system/src/clock/fsl_clock_manager_common.o
LOAD ./SDK/platform/osa/src/fsl_os_abstraction_free_rtos.o
LOAD ./SDK/platform/hal/src/sim/MKL25Z4/fsl_sim_hal_MKL25Z4.o
LOAD ./SDK/platform/hal/src/rtc/fsl_rtc_hal.o
LOAD ./SDK/platform/hal/src/port/fsl_port_hal.o
LOAD ./SDK/platform/hal/src/osc/fsl_osc_hal.o
LOAD ./SDK/platform/hal/src/mcg/fsl_mcg_hal.o
LOAD ./SDK/platform/hal/src/mcg/fsl_mcg_hal_modes.o
LOAD ./SDK/platform/drivers/src/rtc/fsl_rtc_common.o
LOAD ./SDK/platform/devices/MKL25Z4/startup/gcc/startup_MKL25Z4.o
LOAD ./SDK/platform/devices/MKL25Z4/startup/system_MKL25Z4.o
LOAD ./SDK/platform/devices/startup.o
LOAD ./Generated_Code/Cpu.o
LOAD ./Generated_Code/clockMan1.o
LOAD ./Generated_Code/free_rtos.o
LOAD ./Generated_Code/hardware_init.o
LOAD ./Generated_Code/osa1.o
LOAD ./Generated_Code/pin_init.o
LOAD c:/freescale/kds_3.0.0/toolchain/bin/../lib/gcc/arm-none-eabi/4.8.4/../../../../arm-none-eabi/lib/armv6-m\libstdc++_s.a
LOAD c:/freescale/kds_3.0.0/toolchain/bin/../lib/gcc/arm-none-eabi/4.8.4/../../../../arm-none-eabi/lib/armv6-m\libm.a
START GROUP
LOAD c:/freescale/kds_3.0.0/toolchain/bin/../lib/gcc/arm-none-eabi/4.8.4/armv6-m\libgcc.a
LOAD c:/freescale/kds_3.0.0/toolchain/bin/../lib/gcc/arm-none-eabi/4.8.4/../../../../arm-none-eabi/lib/armv6-m\libg_s.a
LOAD c:/freescale/kds_3.0.0/toolchain/bin/../lib/gcc/arm-none-eabi/4.8.4/../../../../arm-none-eabi/lib/armv6-m\libc_s.a
END GROUP
START GROUP
LOAD c:/freescale/kds_3.0.0/toolchain/bin/../lib/gcc/arm-none-eabi/4.8.4/armv6-m\libgcc.a
LOAD c:/freescale/kds_3.0.0/toolchain/bin/../lib/gcc/arm-none-eabi/4.8.4/../../../../arm-none-eabi/lib/armv6-m\libc_s.a
LOAD c:/freescale/kds_3.0.0/toolchain/bin/../lib/gcc/arm-none-eabi/4.8.4/../../../../arm-none-eabi/lib/armv6-m\libnosys.a
END GROUP
START GROUP
LOAD c:/freescale/kds_3.0.0/toolchain/bin/../lib/gcc/arm-none-eabi/4.8.4/armv6-m\libgcc.a
LOAD c:/freescale/kds_3.0.0/toolchain/bin/../lib/gcc/arm-none-eabi/4.8.4/../../../../arm-none-eabi/lib/armv6-m\libc_s.a
LOAD c:/freescale/kds_3.0.0/toolchain/bin/../lib/gcc/arm-none-eabi/4.8.4/../../../../arm-none-eabi/lib/armv6-m\libnosys.a
END GROUP
LOAD c:/freescale/kds_3.0.0/toolchain/bin/../lib/gcc/arm-none-eabi/4.8.4/armv6-m/crtend.o
LOAD c:/freescale/kds_3.0.0/toolchain/bin/../lib/gcc/arm-none-eabi/4.8.4/armv6-m/crtn.o
                0x00000000                HEAP_SIZE = DEFINED (__heap_size__)?__heap_size__:0x0
                0x00000400                STACK_SIZE = DEFINED (__stack_size__)?__stack_size__:0x400

.interrupts     0x00000000       0xc0
                0x00000000                __VECTOR_TABLE = .
                0x00000000                . = ALIGN (0x4)
 *(.isr_vector)
 .isr_vector    0x00000000       0xc0 ./SDK/platform/devices/MKL25Z4/startup/gcc/startup_MKL25Z4.o
                0x00000000                __isr_vector
                0x000000c0                . = ALIGN (0x4)
                0x1ffff000                __VECTOR_RAM = ORIGIN (m_interrupts_ram)

.flash_config   0x00000400       0x10
                0x00000400                . = ALIGN (0x4)
 *(.FlashConfig)
 .FlashConfig   0x00000400       0x10 ./SDK/platform/devices/MKL25Z4/startup/gcc/startup_MKL25Z4.o
                0x00000410                . = ALIGN (0x4)

.text           0x00000410     0x33b0
                0x00000410                . = ALIGN (0x4)
 *(.text)
 .text          0x00000410       0x60 c:/freescale/kds_3.0.0/toolchain/bin/../lib/gcc/arm-none-eabi/4.8.4/armv6-m/crtbegin.o
 .text          0x00000470       0x78 c:/freescale/kds_3.0.0/toolchain/bin/../lib/gcc/arm-none-eabi/4.8.4/../../../../arm-none-eabi/lib/armv6-m/crt0.o
                0x00000470                _start
                0x00000470                _mainCRTStartup
 .text          0x000004e8       0x18 ./SDK/platform/devices/MKL25Z4/startup/gcc/startup_MKL25Z4.o
                0x000004e8                Reset_Handler
                0x000004f8                HardFault_Handler
                0x000004f8                NMI_Handler
                0x000004f8                I2C1_IRQHandler
                0x000004f8                UART1_IRQHandler
                0x000004f8                DMA2_IRQHandler
                0x000004f8                TPM0_IRQHandler
                0x000004f8                LLWU_IRQHandler
                0x000004f8                TSI0_IRQHandler
                0x000004f8                UART0_IRQHandler
                0x000004f8                ADC0_IRQHandler
                0x000004f8                Reserved39_IRQHandler
                0x000004f8                SPI1_IRQHandler
                0x000004f8                DefaultISR
                0x000004f8                PORTD_IRQHandler
                0x000004f8                TPM2_IRQHandler
                0x000004f8                RTC_IRQHandler
                0x000004f8                I2C0_IRQHandler
                0x000004f8                RTC_Seconds_IRQHandler
                0x000004f8                MCG_IRQHandler
                0x000004f8                UART2_IRQHandler
                0x000004f8                Reserved20_IRQHandler
                0x000004f8                USB0_IRQHandler
                0x000004f8                PIT_IRQHandler
                0x000004f8                DMA3_IRQHandler
                0x000004f8                DMA0_IRQHandler
                0x000004f8                DAC0_IRQHandler
                0x000004f8                Reserved45_IRQHandler
                0x000004f8                TPM1_IRQHandler
                0x000004f8                LVD_LVW_IRQHandler
                0x000004f8                SPI0_IRQHandler
                0x000004f8                PORTA_IRQHandler
                0x000004f8                FTFA_IRQHandler
                0x000004f8                LPTMR0_IRQHandler
                0x000004f8                CMP0_IRQHandler
                0x000004f8                DMA1_IRQHandler
 .text          0x00000500       0x9c c:/freescale/kds_3.0.0/toolchain/bin/../lib/gcc/arm-none-eabi/4.8.4/armv6-m\libgcc.a(_udivsi3.o)
                0x00000500                __aeabi_uidiv
                0x00000500                __udivsi3
                0x00000588                __aeabi_uidivmod
 .text          0x0000059c        0x4 c:/freescale/kds_3.0.0/toolchain/bin/../lib/gcc/arm-none-eabi/4.8.4/armv6-m\libgcc.a(_dvmd_tls.o)
                0x0000059c                __aeabi_idiv0
                0x0000059c                __aeabi_ldiv0
 *(.text*)
 .text.PEX_components_init
                0x000005a0        0xc ./Static_Code/System/PE_low_level_init.o
                0x000005a0                PEX_components_init
 .text.PE_low_level_init
                0x000005ac       0x14 ./Static_Code/System/PE_low_level_init.o
                0x000005ac                PE_low_level_init
 .text.main     0x000005c0       0x10 ./Sources/main.o
                0x000005c0                main
 .text.pvPortMalloc
                0x000005d0       0x28 ./SDK/rtos/FreeRTOS/src/heap_3.o
                0x000005d0                pvPortMalloc
 .text.vPortFree
                0x000005f8       0x24 ./SDK/rtos/FreeRTOS/src/heap_3.o
                0x000005f8                vPortFree
 .text.vListInitialise
                0x0000061c       0x3c ./SDK/rtos/FreeRTOS/src/list.o
                0x0000061c                vListInitialise
 .text.vListInitialiseItem
                0x00000658       0x14 ./SDK/rtos/FreeRTOS/src/list.o
                0x00000658                vListInitialiseItem
 .text.vListInsertEnd
                0x0000066c       0x44 ./SDK/rtos/FreeRTOS/src/list.o
                0x0000066c                vListInsertEnd
 .text.vListInsert
                0x000006b0       0x6c ./SDK/rtos/FreeRTOS/src/list.o
                0x000006b0                vListInsert
 .text.uxListRemove
                0x0000071c       0x50 ./SDK/rtos/FreeRTOS/src/list.o
                0x0000071c                uxListRemove
 .text.xQueueGenericReset
                0x0000076c       0xac ./SDK/rtos/FreeRTOS/src/queue.o
                0x0000076c                xQueueGenericReset
 .text.xQueueGenericCreate
                0x00000818       0x80 ./SDK/rtos/FreeRTOS/src/queue.o
                0x00000818                xQueueGenericCreate
 .text.xQueueGenericSend
                0x00000898      0x180 ./SDK/rtos/FreeRTOS/src/queue.o
                0x00000898                xQueueGenericSend
 .text.xQueueGenericSendFromISR
                0x00000a18       0xcc ./SDK/rtos/FreeRTOS/src/queue.o
                0x00000a18                xQueueGenericSendFromISR
 .text.xQueueGenericReceive
                0x00000ae4      0x1bc ./SDK/rtos/FreeRTOS/src/queue.o
                0x00000ae4                xQueueGenericReceive
 .text.prvCopyDataToQueue
                0x00000ca0       0xd4 ./SDK/rtos/FreeRTOS/src/queue.o
 .text.prvCopyDataFromQueue
                0x00000d74       0x50 ./SDK/rtos/FreeRTOS/src/queue.o
 .text.prvUnlockQueue
                0x00000dc4       0x98 ./SDK/rtos/FreeRTOS/src/queue.o
 .text.prvIsQueueEmpty
                0x00000e5c       0x2c ./SDK/rtos/FreeRTOS/src/queue.o
 .text.prvIsQueueFull
                0x00000e88       0x30 ./SDK/rtos/FreeRTOS/src/queue.o
 .text.vQueueWaitForMessageRestricted
                0x00000eb8       0x58 ./SDK/rtos/FreeRTOS/src/queue.o
                0x00000eb8                vQueueWaitForMessageRestricted
 .text.xTaskGenericCreate
                0x00000f10      0x16c ./SDK/rtos/FreeRTOS/src/tasks.o
                0x00000f10                xTaskGenericCreate
 .text.vTaskStartScheduler
                0x0000107c       0x74 ./SDK/rtos/FreeRTOS/src/tasks.o
                0x0000107c                vTaskStartScheduler
 .text.vTaskSuspendAll
                0x000010f0       0x18 ./SDK/rtos/FreeRTOS/src/tasks.o
                0x000010f0                vTaskSuspendAll
 .text.xTaskResumeAll
                0x00001108      0x108 ./SDK/rtos/FreeRTOS/src/tasks.o
                0x00001108                xTaskResumeAll
 .text.xTaskGetTickCount
                0x00001210       0x24 ./SDK/rtos/FreeRTOS/src/tasks.o
                0x00001210                xTaskGetTickCount
 .text.xTaskIncrementTick
                0x00001234      0x16c ./SDK/rtos/FreeRTOS/src/tasks.o
                0x00001234                xTaskIncrementTick
 .text.vTaskSwitchContext
                0x000013a0       0xa0 ./SDK/rtos/FreeRTOS/src/tasks.o
                0x000013a0                vTaskSwitchContext
 .text.vTaskPlaceOnEventList
                0x00001440       0x6c ./SDK/rtos/FreeRTOS/src/tasks.o
                0x00001440                vTaskPlaceOnEventList
 .text.vTaskPlaceOnEventListRestricted
                0x000014ac       0x50 ./SDK/rtos/FreeRTOS/src/tasks.o
                0x000014ac                vTaskPlaceOnEventListRestricted
 .text.xTaskRemoveFromEventList
                0x000014fc       0xb8 ./SDK/rtos/FreeRTOS/src/tasks.o
                0x000014fc                xTaskRemoveFromEventList
 .text.vTaskSetTimeOutState
                0x000015b4       0x30 ./SDK/rtos/FreeRTOS/src/tasks.o
                0x000015b4                vTaskSetTimeOutState
 .text.xTaskCheckForTimeOut
                0x000015e4       0x9c ./SDK/rtos/FreeRTOS/src/tasks.o
                0x000015e4                xTaskCheckForTimeOut
 .text.vTaskMissedYield
                0x00001680       0x14 ./SDK/rtos/FreeRTOS/src/tasks.o
                0x00001680                vTaskMissedYield
 .text.prvIdleTask
                0x00001694       0x20 ./SDK/rtos/FreeRTOS/src/tasks.o
 .text.prvInitialiseTCBVariables
                0x000016b4       0x90 ./SDK/rtos/FreeRTOS/src/tasks.o
 .text.prvInitialiseTaskLists
                0x00001744       0x88 ./SDK/rtos/FreeRTOS/src/tasks.o
 .text.prvCheckTasksWaitingTermination
                0x000017cc       0x74 ./SDK/rtos/FreeRTOS/src/tasks.o
 .text.prvAddCurrentTaskToDelayedList
                0x00001840       0x6c ./SDK/rtos/FreeRTOS/src/tasks.o
 .text.prvAllocateTCBAndStack
                0x000018ac       0x70 ./SDK/rtos/FreeRTOS/src/tasks.o
 .text.prvDeleteTCB
                0x0000191c       0x20 ./SDK/rtos/FreeRTOS/src/tasks.o
 .text.prvResetNextTaskUnblockTime
                0x0000193c       0x44 ./SDK/rtos/FreeRTOS/src/tasks.o
 .text.xTaskGetCurrentTaskHandle
                0x00001980       0x1c ./SDK/rtos/FreeRTOS/src/tasks.o
                0x00001980                xTaskGetCurrentTaskHandle
 .text.xTaskGetSchedulerState
                0x0000199c       0x38 ./SDK/rtos/FreeRTOS/src/tasks.o
                0x0000199c                xTaskGetSchedulerState
 .text.vTaskPriorityInherit
                0x000019d4       0xbc ./SDK/rtos/FreeRTOS/src/tasks.o
                0x000019d4                vTaskPriorityInherit
 .text.vTaskPriorityDisinherit
                0x00001a90       0x84 ./SDK/rtos/FreeRTOS/src/tasks.o
                0x00001a90                vTaskPriorityDisinherit
 .text.xTimerCreateTimerTask
                0x00001b14       0x60 ./SDK/rtos/FreeRTOS/src/timers.o
                0x00001b14                xTimerCreateTimerTask
 .text.xTimerGenericCommand
                0x00001b74       0xa0 ./SDK/rtos/FreeRTOS/src/timers.o
                0x00001b74                xTimerGenericCommand
 .text.prvProcessExpiredTimer
                0x00001c14       0x74 ./SDK/rtos/FreeRTOS/src/timers.o
 .text.prvTimerTask
                0x00001c88       0x28 ./SDK/rtos/FreeRTOS/src/timers.o
 .text.prvProcessTimerOrBlockTask
                0x00001cb0       0x74 ./SDK/rtos/FreeRTOS/src/timers.o
 .text.prvGetNextExpireTime
                0x00001d24       0x40 ./SDK/rtos/FreeRTOS/src/timers.o
 .text.prvSampleTimeNow
                0x00001d64       0x40 ./SDK/rtos/FreeRTOS/src/timers.o
 .text.prvInsertTimerInActiveList
                0x00001da4       0x84 ./SDK/rtos/FreeRTOS/src/timers.o
 .text.prvProcessReceivedCommands
                0x00001e28      0x140 ./SDK/rtos/FreeRTOS/src/timers.o
 .text.prvSwitchTimerLists
                0x00001f68       0xb8 ./SDK/rtos/FreeRTOS/src/timers.o
 .text.prvCheckForValidListAndQueue
                0x00002020       0x64 ./SDK/rtos/FreeRTOS/src/timers.o
 .text.pxPortInitialiseStack
                0x00002084       0x50 ./SDK/rtos/FreeRTOS/port/gcc/port.o
                0x00002084                pxPortInitialiseStack
 .text.vPortInitTickTimer
                0x000020d4       0x3c ./SDK/rtos/FreeRTOS/port/gcc/port.o
                0x000020d4                vPortInitTickTimer
 .text.vPortStartTickTimer
                0x00002110       0x14 ./SDK/rtos/FreeRTOS/port/gcc/port.o
                0x00002110                vPortStartTickTimer
 .text.xPortStartScheduler
                0x00002124       0x34 ./SDK/rtos/FreeRTOS/port/gcc/port.o
                0x00002124                xPortStartScheduler
 .text.vPortEnterCritical
                0x00002158       0x20 ./SDK/rtos/FreeRTOS/port/gcc/port.o
                0x00002158                vPortEnterCritical
 .text.vPortExitCritical
                0x00002178       0x20 ./SDK/rtos/FreeRTOS/port/gcc/port.o
                0x00002178                vPortExitCritical
 .text.vPortYieldFromISR
                0x00002198       0x1c ./SDK/rtos/FreeRTOS/port/gcc/port.o
                0x00002198                vPortYieldFromISR
 .text.SysTick_Handler
                0x000021b4       0x1c ./SDK/rtos/FreeRTOS/port/gcc/port.o
                0x000021b4                SysTick_Handler
 .text.vPortStartFirstTask
                0x000021d0       0x1c ./SDK/rtos/FreeRTOS/port/gcc/port.o
                0x000021d0                vPortStartFirstTask
 .text.SVC_Handler
                0x000021ec       0x28 ./SDK/rtos/FreeRTOS/port/gcc/port.o
                0x000021ec                SVC_Handler
 .text.PendSV_Handler
                0x00002214       0x44 ./SDK/rtos/FreeRTOS/port/gcc/port.o
                0x00002214                PendSV_Handler
 .text.OSA_Init
                0x00002258        0xc ./SDK/platform/osa/src/fsl_os_abstraction_free_rtos.o
                0x00002258                OSA_Init
 .text.OSA_Start
                0x00002264       0x10 ./SDK/platform/osa/src/fsl_os_abstraction_free_rtos.o
                0x00002264                OSA_Start
 .text.SystemInit
                0x00002274      0x178 ./SDK/platform/devices/MKL25Z4/startup/system_MKL25Z4.o
                0x00002274                SystemInit
 .text.init_data_bss
                0x000023ec       0xc8 ./SDK/platform/devices/startup.o
                0x000023ec                init_data_bss
 .text.Components_Init
                0x000024b4        0x8 ./Generated_Code/Cpu.o
                0x000024b4                Components_Init
 .text.SIM_HAL_EnableClock
                0x000024bc       0x58 ./Generated_Code/hardware_init.o
 .text.hardware_init
                0x00002514       0x38 ./Generated_Code/hardware_init.o
                0x00002514                hardware_init
 .text.PORT_HAL_SetMuxMode
                0x0000254c       0x4c ./Generated_Code/pin_init.o
 .text.init_osc_pins
                0x00002598       0x2c ./Generated_Code/pin_init.o
                0x00002598                init_osc_pins
 .text.init_rcm_pins
                0x000025c4       0x20 ./Generated_Code/pin_init.o
                0x000025c4                init_rcm_pins
 .text.init_swd_pins
                0x000025e4       0x2c ./Generated_Code/pin_init.o
                0x000025e4                init_swd_pins
 .text.__assert_func
                0x00002610       0x3c c:/freescale/kds_3.0.0/toolchain/bin/../lib/gcc/arm-none-eabi/4.8.4/../../../../arm-none-eabi/lib/armv6-m\libg_s.a(lib_a-assert.o)
                0x00002610                __assert_func
 .text.exit     0x0000264c       0x2c c:/freescale/kds_3.0.0/toolchain/bin/../lib/gcc/arm-none-eabi/4.8.4/../../../../arm-none-eabi/lib/armv6-m\libg_s.a(lib_a-exit.o)
                0x0000264c                exit
 .text.fprintf  0x00002678       0x24 c:/freescale/kds_3.0.0/toolchain/bin/../lib/gcc/arm-none-eabi/4.8.4/../../../../arm-none-eabi/lib/armv6-m\libg_s.a(lib_a-fprintf.o)
                0x00002678                fiprintf
                0x00002678                fprintf
 .text.__libc_init_array
                0x0000269c       0x4c c:/freescale/kds_3.0.0/toolchain/bin/../lib/gcc/arm-none-eabi/4.8.4/../../../../arm-none-eabi/lib/armv6-m\libg_s.a(lib_a-init.o)
                0x0000269c                __libc_init_array
 .text.malloc   0x000026e8       0x14 c:/freescale/kds_3.0.0/toolchain/bin/../lib/gcc/arm-none-eabi/4.8.4/../../../../arm-none-eabi/lib/armv6-m\libg_s.a(lib_a-malloc.o)
                0x000026e8                malloc
 .text.free     0x000026fc       0x14 c:/freescale/kds_3.0.0/toolchain/bin/../lib/gcc/arm-none-eabi/4.8.4/../../../../arm-none-eabi/lib/armv6-m\libg_s.a(lib_a-malloc.o)
                0x000026fc                free
 .text.memcpy   0x00002710       0x12 c:/freescale/kds_3.0.0/toolchain/bin/../lib/gcc/arm-none-eabi/4.8.4/../../../../arm-none-eabi/lib/armv6-m\libg_s.a(lib_a-memcpy-stub.o)
                0x00002710                memcpy
 .text.memset   0x00002722       0x10 c:/freescale/kds_3.0.0/toolchain/bin/../lib/gcc/arm-none-eabi/4.8.4/../../../../arm-none-eabi/lib/armv6-m\libg_s.a(lib_a-memset.o)
                0x00002722                memset
 *fill*         0x00002732        0x2 
 .text._free_r  0x00002734       0x90 c:/freescale/kds_3.0.0/toolchain/bin/../lib/gcc/arm-none-eabi/4.8.4/../../../../arm-none-eabi/lib/armv6-m\libg_s.a(lib_a-nano-freer.o)
                0x00002734                _free_r
 .text._malloc_r
                0x000027c4       0xa8 c:/freescale/kds_3.0.0/toolchain/bin/../lib/gcc/arm-none-eabi/4.8.4/../../../../arm-none-eabi/lib/armv6-m\libg_s.a(lib_a-nano-mallocr.o)
                0x000027c4                _malloc_r
 .text._sbrk_r  0x0000286c       0x24 c:/freescale/kds_3.0.0/toolchain/bin/../lib/gcc/arm-none-eabi/4.8.4/../../../../arm-none-eabi/lib/armv6-m\libg_s.a(lib_a-sbrkr.o)
                0x0000286c                _sbrk_r
 .text.__sfputc_r
                0x00002890       0x2a c:/freescale/kds_3.0.0/toolchain/bin/../lib/gcc/arm-none-eabi/4.8.4/../../../../arm-none-eabi/lib/armv6-m\libg_s.a(lib_a-vfprintf.o)
 .text.__sfputs_r
                0x000028ba       0x24 c:/freescale/kds_3.0.0/toolchain/bin/../lib/gcc/arm-none-eabi/4.8.4/../../../../arm-none-eabi/lib/armv6-m\libg_s.a(lib_a-vfprintf.o)
                0x000028ba                __sfputs_r
 *fill*         0x000028de        0x2 
 .text._vfprintf_r
                0x000028e0      0x210 c:/freescale/kds_3.0.0/toolchain/bin/../lib/gcc/arm-none-eabi/4.8.4/../../../../arm-none-eabi/lib/armv6-m\libg_s.a(lib_a-vfprintf.o)
                0x000028e0                _vfprintf_r
                0x000028e0                _vfiprintf_r
 .text._printf_common
                0x00002af0       0xe8 c:/freescale/kds_3.0.0/toolchain/bin/../lib/gcc/arm-none-eabi/4.8.4/../../../../arm-none-eabi/lib/armv6-m\libg_s.a(lib_a-vfprintf_i.o)
                0x00002af0                _printf_common
 .text._printf_i
                0x00002bd8      0x22c c:/freescale/kds_3.0.0/toolchain/bin/../lib/gcc/arm-none-eabi/4.8.4/../../../../arm-none-eabi/lib/armv6-m\libg_s.a(lib_a-vfprintf_i.o)
                0x00002bd8                _printf_i
 .text.__swbuf_r
                0x00002e04       0xb0 c:/freescale/kds_3.0.0/toolchain/bin/../lib/gcc/arm-none-eabi/4.8.4/../../../../arm-none-eabi/lib/armv6-m\libg_s.a(lib_a-wbuf.o)
                0x00002e04                __swbuf_r
 .text.__swsetup_r
                0x00002eb4       0xe4 c:/freescale/kds_3.0.0/toolchain/bin/../lib/gcc/arm-none-eabi/4.8.4/../../../../arm-none-eabi/lib/armv6-m\libg_s.a(lib_a-wsetup.o)
                0x00002eb4                __swsetup_r
 .text.abort    0x00002f98        0xe c:/freescale/kds_3.0.0/toolchain/bin/../lib/gcc/arm-none-eabi/4.8.4/../../../../arm-none-eabi/lib/armv6-m\libg_s.a(lib_a-abort.o)
                0x00002f98                abort
 .text.__sflush_r
                0x00002fa6      0x112 c:/freescale/kds_3.0.0/toolchain/bin/../lib/gcc/arm-none-eabi/4.8.4/../../../../arm-none-eabi/lib/armv6-m\libg_s.a(lib_a-fflush.o)
                0x00002fa6                __sflush_r
 .text._fflush_r
                0x000030b8       0x58 c:/freescale/kds_3.0.0/toolchain/bin/../lib/gcc/arm-none-eabi/4.8.4/../../../../arm-none-eabi/lib/armv6-m\libg_s.a(lib_a-fflush.o)
                0x000030b8                _fflush_r
 .text._cleanup_r
                0x00003110       0x34 c:/freescale/kds_3.0.0/toolchain/bin/../lib/gcc/arm-none-eabi/4.8.4/../../../../arm-none-eabi/lib/armv6-m\libg_s.a(lib_a-findfp.o)
                0x00003110                _cleanup_r
 .text.std.isra.0
                0x00003144       0x48 c:/freescale/kds_3.0.0/toolchain/bin/../lib/gcc/arm-none-eabi/4.8.4/../../../../arm-none-eabi/lib/armv6-m\libg_s.a(lib_a-findfp.o)
 .text.__sfmoreglue
                0x0000318c       0x2c c:/freescale/kds_3.0.0/toolchain/bin/../lib/gcc/arm-none-eabi/4.8.4/../../../../arm-none-eabi/lib/armv6-m\libg_s.a(lib_a-findfp.o)
                0x0000318c                __sfmoreglue
 .text.__sinit  0x000031b8       0x64 c:/freescale/kds_3.0.0/toolchain/bin/../lib/gcc/arm-none-eabi/4.8.4/../../../../arm-none-eabi/lib/armv6-m\libg_s.a(lib_a-findfp.o)
                0x000031b8                __sinit
 .text.__sfp    0x0000321c       0x7c c:/freescale/kds_3.0.0/toolchain/bin/../lib/gcc/arm-none-eabi/4.8.4/../../../../arm-none-eabi/lib/armv6-m\libg_s.a(lib_a-findfp.o)
                0x0000321c                __sfp
 .text.__smakebuf_r
                0x00003298       0xa0 c:/freescale/kds_3.0.0/toolchain/bin/../lib/gcc/arm-none-eabi/4.8.4/../../../../arm-none-eabi/lib/armv6-m\libg_s.a(lib_a-makebuf.o)
                0x00003298                __smakebuf_r
 .text.memchr   0x00003338       0x16 c:/freescale/kds_3.0.0/toolchain/bin/../lib/gcc/arm-none-eabi/4.8.4/../../../../arm-none-eabi/lib/armv6-m\libg_s.a(lib_a-memchr-stub.o)
                0x00003338                memchr
 .text._raise_r
                0x0000334e       0x56 c:/freescale/kds_3.0.0/toolchain/bin/../lib/gcc/arm-none-eabi/4.8.4/../../../../arm-none-eabi/lib/armv6-m\libg_s.a(lib_a-signal.o)
                0x0000334e                _raise_r
 .text.raise    0x000033a4       0x14 c:/freescale/kds_3.0.0/toolchain/bin/../lib/gcc/arm-none-eabi/4.8.4/../../../../arm-none-eabi/lib/armv6-m\libg_s.a(lib_a-signal.o)
                0x000033a4                raise
 .text._kill_r  0x000033b8       0x24 c:/freescale/kds_3.0.0/toolchain/bin/../lib/gcc/arm-none-eabi/4.8.4/../../../../arm-none-eabi/lib/armv6-m\libg_s.a(lib_a-signalr.o)
                0x000033b8                _kill_r
 .text._getpid_r
                0x000033dc        0x8 c:/freescale/kds_3.0.0/toolchain/bin/../lib/gcc/arm-none-eabi/4.8.4/../../../../arm-none-eabi/lib/armv6-m\libg_s.a(lib_a-signalr.o)
                0x000033dc                _getpid_r
 .text.__sread  0x000033e4       0x28 c:/freescale/kds_3.0.0/toolchain/bin/../lib/gcc/arm-none-eabi/4.8.4/../../../../arm-none-eabi/lib/armv6-m\libg_s.a(lib_a-stdio.o)
                0x000033e4                __sread
 .text.__swrite
                0x0000340c       0x38 c:/freescale/kds_3.0.0/toolchain/bin/../lib/gcc/arm-none-eabi/4.8.4/../../../../arm-none-eabi/lib/armv6-m\libg_s.a(lib_a-stdio.o)
                0x0000340c                __swrite
 .text.__sseek  0x00003444       0x2c c:/freescale/kds_3.0.0/toolchain/bin/../lib/gcc/arm-none-eabi/4.8.4/../../../../arm-none-eabi/lib/armv6-m\libg_s.a(lib_a-stdio.o)
                0x00003444                __sseek
 .text.__sclose
                0x00003470        0xc c:/freescale/kds_3.0.0/toolchain/bin/../lib/gcc/arm-none-eabi/4.8.4/../../../../arm-none-eabi/lib/armv6-m\libg_s.a(lib_a-stdio.o)
                0x00003470                __sclose
 .text.strlen   0x0000347c        0xe c:/freescale/kds_3.0.0/toolchain/bin/../lib/gcc/arm-none-eabi/4.8.4/../../../../arm-none-eabi/lib/armv6-m\libg_s.a(lib_a-strlen.o)
                0x0000347c                strlen
 *fill*         0x0000348a        0x2 
 .text._write_r
                0x0000348c       0x28 c:/freescale/kds_3.0.0/toolchain/bin/../lib/gcc/arm-none-eabi/4.8.4/../../../../arm-none-eabi/lib/armv6-m\libg_s.a(lib_a-writer.o)
                0x0000348c                _write_r
 .text._close_r
                0x000034b4       0x24 c:/freescale/kds_3.0.0/toolchain/bin/../lib/gcc/arm-none-eabi/4.8.4/../../../../arm-none-eabi/lib/armv6-m\libg_s.a(lib_a-closer.o)
                0x000034b4                _close_r
 .text._fstat_r
                0x000034d8       0x24 c:/freescale/kds_3.0.0/toolchain/bin/../lib/gcc/arm-none-eabi/4.8.4/../../../../arm-none-eabi/lib/armv6-m\libg_s.a(lib_a-fstatr.o)
                0x000034d8                _fstat_r
 .text._isatty_r
                0x000034fc       0x24 c:/freescale/kds_3.0.0/toolchain/bin/../lib/gcc/arm-none-eabi/4.8.4/../../../../arm-none-eabi/lib/armv6-m\libg_s.a(lib_a-isattyr.o)
                0x000034fc                _isatty_r
 .text._lseek_r
                0x00003520       0x28 c:/freescale/kds_3.0.0/toolchain/bin/../lib/gcc/arm-none-eabi/4.8.4/../../../../arm-none-eabi/lib/armv6-m\libg_s.a(lib_a-lseekr.o)
                0x00003520                _lseek_r
 .text._read_r  0x00003548       0x28 c:/freescale/kds_3.0.0/toolchain/bin/../lib/gcc/arm-none-eabi/4.8.4/../../../../arm-none-eabi/lib/armv6-m\libg_s.a(lib_a-readr.o)
                0x00003548                _read_r
 .text._close   0x00003570       0x10 c:/freescale/kds_3.0.0/toolchain/bin/../lib/gcc/arm-none-eabi/4.8.4/../../../../arm-none-eabi/lib/armv6-m\libnosys.a(close.o)
                0x00003570                _close
 .text._fstat   0x00003580       0x10 c:/freescale/kds_3.0.0/toolchain/bin/../lib/gcc/arm-none-eabi/4.8.4/../../../../arm-none-eabi/lib/armv6-m\libnosys.a(fstat.o)
                0x00003580                _fstat
 .text._getpid  0x00003590       0x10 c:/freescale/kds_3.0.0/toolchain/bin/../lib/gcc/arm-none-eabi/4.8.4/../../../../arm-none-eabi/lib/armv6-m\libnosys.a(getpid.o)
                0x00003590                _getpid
 .text._isatty  0x000035a0       0x10 c:/freescale/kds_3.0.0/toolchain/bin/../lib/gcc/arm-none-eabi/4.8.4/../../../../arm-none-eabi/lib/armv6-m\libnosys.a(isatty.o)
                0x000035a0                _isatty
 .text._kill    0x000035b0       0x10 c:/freescale/kds_3.0.0/toolchain/bin/../lib/gcc/arm-none-eabi/4.8.4/../../../../arm-none-eabi/lib/armv6-m\libnosys.a(kill.o)
                0x000035b0                _kill
 .text._lseek   0x000035c0       0x10 c:/freescale/kds_3.0.0/toolchain/bin/../lib/gcc/arm-none-eabi/4.8.4/../../../../arm-none-eabi/lib/armv6-m\libnosys.a(lseek.o)
                0x000035c0                _lseek
 .text._read    0x000035d0       0x10 c:/freescale/kds_3.0.0/toolchain/bin/../lib/gcc/arm-none-eabi/4.8.4/../../../../arm-none-eabi/lib/armv6-m\libnosys.a(read.o)
                0x000035d0                _read
 .text._sbrk    0x000035e0       0x34 c:/freescale/kds_3.0.0/toolchain/bin/../lib/gcc/arm-none-eabi/4.8.4/../../../../arm-none-eabi/lib/armv6-m\libnosys.a(sbrk.o)
                0x000035e0                _sbrk
 .text._write   0x00003614       0x10 c:/freescale/kds_3.0.0/toolchain/bin/../lib/gcc/arm-none-eabi/4.8.4/../../../../arm-none-eabi/lib/armv6-m\libnosys.a(write.o)
                0x00003614                _write
 .text._exit    0x00003624        0x4 c:/freescale/kds_3.0.0/toolchain/bin/../lib/gcc/arm-none-eabi/4.8.4/../../../../arm-none-eabi/lib/armv6-m\libnosys.a(_exit.o)
                0x00003624                _exit
 *(.rodata)
 .rodata        0x00003628        0x8 ./SDK/rtos/FreeRTOS/src/tasks.o
 .rodata        0x00003630        0x8 ./SDK/rtos/FreeRTOS/src/timers.o
 .rodata        0x00003638       0x5c ./Generated_Code/pin_init.o
 *(.rodata*)
 .rodata.prvProcessReceivedCommands
                0x00003694       0x28 ./SDK/rtos/FreeRTOS/src/timers.o
 .rodata.__func__.5089
                0x000036bc       0x14 ./Generated_Code/pin_init.o
 .rodata.str1.1
                0x000036d0       0x3c c:/freescale/kds_3.0.0/toolchain/bin/../lib/gcc/arm-none-eabi/4.8.4/../../../../arm-none-eabi/lib/armv6-m\libg_s.a(lib_a-assert.o)
                                 0x3d (size before relaxing)
 .rodata.str1.1
                0x0000370c        0x2 c:/freescale/kds_3.0.0/toolchain/bin/../lib/gcc/arm-none-eabi/4.8.4/../../../../arm-none-eabi/lib/armv6-m\libg_s.a(lib_a-impure.o)
 *fill*         0x0000370e        0x2 
 .rodata._global_impure_ptr
                0x00003710        0x4 c:/freescale/kds_3.0.0/toolchain/bin/../lib/gcc/arm-none-eabi/4.8.4/../../../../arm-none-eabi/lib/armv6-m\libg_s.a(lib_a-impure.o)
                0x00003710                _global_impure_ptr
 .rodata.str1.1
                0x00003714       0x11 c:/freescale/kds_3.0.0/toolchain/bin/../lib/gcc/arm-none-eabi/4.8.4/../../../../arm-none-eabi/lib/armv6-m\libg_s.a(lib_a-vfprintf.o)
 .rodata.str1.1
                0x00003725       0x22 c:/freescale/kds_3.0.0/toolchain/bin/../lib/gcc/arm-none-eabi/4.8.4/../../../../arm-none-eabi/lib/armv6-m\libg_s.a(lib_a-vfprintf_i.o)
 *fill*         0x00003747        0x1 
 .rodata.__sf_fake_stdin
                0x00003748       0x20 c:/freescale/kds_3.0.0/toolchain/bin/../lib/gcc/arm-none-eabi/4.8.4/../../../../arm-none-eabi/lib/armv6-m\libg_s.a(lib_a-findfp.o)
                0x00003748                __sf_fake_stdin
 .rodata.__sf_fake_stdout
                0x00003768       0x20 c:/freescale/kds_3.0.0/toolchain/bin/../lib/gcc/arm-none-eabi/4.8.4/../../../../arm-none-eabi/lib/armv6-m\libg_s.a(lib_a-findfp.o)
                0x00003768                __sf_fake_stdout
 .rodata.__sf_fake_stderr
                0x00003788       0x20 c:/freescale/kds_3.0.0/toolchain/bin/../lib/gcc/arm-none-eabi/4.8.4/../../../../arm-none-eabi/lib/armv6-m\libg_s.a(lib_a-findfp.o)
                0x00003788                __sf_fake_stderr
 *(.glue_7)
 .glue_7        0x00000000        0x0 linker stubs
 *(.glue_7t)
 .glue_7t       0x00000000        0x0 linker stubs
 *(.eh_frame)
 .eh_frame      0x000037a8        0x0 c:/freescale/kds_3.0.0/toolchain/bin/../lib/gcc/arm-none-eabi/4.8.4/armv6-m/crtbegin.o
 *(.init)
 .init          0x000037a8        0x4 c:/freescale/kds_3.0.0/toolchain/bin/../lib/gcc/arm-none-eabi/4.8.4/armv6-m/crti.o
                0x000037a8                _init
 .init          0x000037ac        0x8 c:/freescale/kds_3.0.0/toolchain/bin/../lib/gcc/arm-none-eabi/4.8.4/armv6-m/crtn.o
 *(.fini)
 .fini          0x000037b4        0x4 c:/freescale/kds_3.0.0/toolchain/bin/../lib/gcc/arm-none-eabi/4.8.4/armv6-m/crti.o
                0x000037b4                _fini
 .fini          0x000037b8        0x8 c:/freescale/kds_3.0.0/toolchain/bin/../lib/gcc/arm-none-eabi/4.8.4/armv6-m/crtn.o
                0x000037c0                . = ALIGN (0x4)

.vfp11_veneer   0x000037c0        0x0
 .vfp11_veneer  0x00000000        0x0 linker stubs

.v4_bx          0x000037c0        0x0
 .v4_bx         0x00000000        0x0 linker stubs

.iplt           0x000037c0        0x0
 .iplt          0x00000000        0x0 c:/freescale/kds_3.0.0/toolchain/bin/../lib/gcc/arm-none-eabi/4.8.4/armv6-m/crtbegin.o

.ARM.extab
 *(.ARM.extab* .gnu.linkonce.armextab.*)

.ARM            0x000037c0        0x8
                0x000037c0                __exidx_start = .
 *(.ARM.exidx*)
 .ARM.exidx     0x000037c0        0x8 c:/freescale/kds_3.0.0/toolchain/bin/../lib/gcc/arm-none-eabi/4.8.4/../../../../arm-none-eabi/lib/armv6-m/crt0.o
                0x000037c8                __exidx_end = .

.rel.dyn        0x000037c8        0x0
 .rel.iplt      0x00000000        0x0 c:/freescale/kds_3.0.0/toolchain/bin/../lib/gcc/arm-none-eabi/4.8.4/armv6-m/crtbegin.o

.ctors          0x000037c8        0x0
                0x000037c8                __CTOR_LIST__ = .
 *crtbegin.o(.ctors)
 *crtbegin?.o(.ctors)
 *(EXCLUDE_FILE(*crtend.o *crtend?.o) .ctors)
 *(SORT(.ctors.*))
 *(.ctors)
                0x000037c8                __CTOR_END__ = .

.dtors          0x000037c8        0x0
                0x000037c8                __DTOR_LIST__ = .
 *crtbegin.o(.dtors)
 *crtbegin?.o(.dtors)
 *(EXCLUDE_FILE(*crtend.o *crtend?.o) .dtors)
 *(SORT(.dtors.*))
 *(.dtors)
                0x000037c8                __DTOR_END__ = .

.preinit_array  0x000037c8        0x0
                0x000037c8                PROVIDE (__preinit_array_start, .)
 *(.preinit_array*)
                0x000037c8                PROVIDE (__preinit_array_end, .)

.init_array     0x000037c8        0x4
                0x000037c8                PROVIDE (__init_array_start, .)
 *(SORT(.init_array.*))
 *(.init_array*)
 .init_array    0x000037c8        0x4 c:/freescale/kds_3.0.0/toolchain/bin/../lib/gcc/arm-none-eabi/4.8.4/armv6-m/crtbegin.o
                0x000037cc                PROVIDE (__init_array_end, .)

.fini_array     0x000037cc        0x4
                0x000037cc                PROVIDE (__fini_array_start, .)
 *(SORT(.fini_array.*))
 *(.fini_array*)
 .fini_array    0x000037cc        0x4 c:/freescale/kds_3.0.0/toolchain/bin/../lib/gcc/arm-none-eabi/4.8.4/armv6-m/crtbegin.o
                0x000037d0                PROVIDE (__fini_array_end, .)
                0x000037d0                __etext = .
                0x000037d0                __DATA_ROM = .

.mtb            0x1ffff200        0x0
                0x1ffff200                . = ALIGN (0x8)
                0x1ffff200                _mtb_start = .
 *(.mtb_buf)
                0x1ffff200                . = ALIGN (0x8)
                0x1ffff200                _mtb_end = .

.data           0x1ffff200       0x70 load address 0x000037d0
                0x1ffff200                . = ALIGN (0x4)
                0x1ffff200                __DATA_RAM = .
                0x1ffff200                __data_start__ = .
 *(.data)
 *(.data*)
 .data.xNextTaskUnblockTime
                0x1ffff200        0x4 ./SDK/rtos/FreeRTOS/src/tasks.o
 .data.uxCriticalNesting
                0x1ffff204        0x4 ./SDK/rtos/FreeRTOS/port/gcc/port.o
 .data.impure_data
                0x1ffff208       0x60 c:/freescale/kds_3.0.0/toolchain/bin/../lib/gcc/arm-none-eabi/4.8.4/../../../../arm-none-eabi/lib/armv6-m\libg_s.a(lib_a-impure.o)
 .data._impure_ptr
                0x1ffff268        0x4 c:/freescale/kds_3.0.0/toolchain/bin/../lib/gcc/arm-none-eabi/4.8.4/../../../../arm-none-eabi/lib/armv6-m\libg_s.a(lib_a-impure.o)
                0x1ffff268                _impure_ptr
 *(.jcr*)
 .jcr           0x1ffff26c        0x0 c:/freescale/kds_3.0.0/toolchain/bin/../lib/gcc/arm-none-eabi/4.8.4/armv6-m/crtbegin.o
 .jcr           0x1ffff26c        0x4 c:/freescale/kds_3.0.0/toolchain/bin/../lib/gcc/arm-none-eabi/4.8.4/armv6-m/crtend.o
                0x1ffff270                . = ALIGN (0x4)
                0x1ffff270                __data_end__ = .
                0x00003840                __DATA_END = (__DATA_ROM + (__data_end__ - __data_start__))
                0x00003840                __m_interrupts_ram_ROMStart = (__DATA_ROM + SIZEOF (.data))

.igot.plt       0x1ffff270        0x0 load address 0x00003840
 .igot.plt      0x00000000        0x0 c:/freescale/kds_3.0.0/toolchain/bin/../lib/gcc/arm-none-eabi/4.8.4/armv6-m/crtbegin.o

.m_interrupts_ram
                0x1ffff000      0x200 load address 0x00003840
                0x1ffff000                . = ALIGN (0x4)
                0x1ffff000                __m_interrupts_ram_RAMStart = .
 *(.m_interrupts_ram)
                0x1ffff200                . = (. + 0x200)
 *fill*         0x1ffff000      0x200 
                0x1ffff200                __m_interrupts_ram_RAMEnd = .
                0x1ffff200                . = ALIGN (0x4)
                0x00000200                __m_interrupts_ram_ROMSize = (__m_interrupts_ram_RAMEnd - __m_interrupts_ram_RAMStart)
                0x00000200                __RAM_VECTOR_TABLE_SIZE_BYTES = (__m_interrupts_ram_RAMEnd - __m_interrupts_ram_RAMStart)

.bss            0x1ffff270      0x604 load address 0x00003840
                0x1ffff270                . = ALIGN (0x4)
                0x1ffff270                __START_BSS = .
                0x1ffff270                __bss_start__ = .
 *(.bss)
 .bss           0x1ffff270       0x1c c:/freescale/kds_3.0.0/toolchain/bin/../lib/gcc/arm-none-eabi/4.8.4/armv6-m/crtbegin.o
 *(.bss*)
 .bss.pxCurrentTCB
                0x1ffff28c        0x4 ./SDK/rtos/FreeRTOS/src/tasks.o
                0x1ffff28c                pxCurrentTCB
 .bss.pxReadyTasksLists
                0x1ffff290      0x500 ./SDK/rtos/FreeRTOS/src/tasks.o
 .bss.xDelayedTaskList1
                0x1ffff790       0x14 ./SDK/rtos/FreeRTOS/src/tasks.o
 .bss.xDelayedTaskList2
                0x1ffff7a4       0x14 ./SDK/rtos/FreeRTOS/src/tasks.o
 .bss.pxDelayedTaskList
                0x1ffff7b8        0x4 ./SDK/rtos/FreeRTOS/src/tasks.o
 .bss.pxOverflowDelayedTaskList
                0x1ffff7bc        0x4 ./SDK/rtos/FreeRTOS/src/tasks.o
 .bss.xPendingReadyList
                0x1ffff7c0       0x14 ./SDK/rtos/FreeRTOS/src/tasks.o
 .bss.xTasksWaitingTermination
                0x1ffff7d4       0x14 ./SDK/rtos/FreeRTOS/src/tasks.o
 .bss.uxTasksDeleted
                0x1ffff7e8        0x4 ./SDK/rtos/FreeRTOS/src/tasks.o
 .bss.xSuspendedTaskList
                0x1ffff7ec       0x14 ./SDK/rtos/FreeRTOS/src/tasks.o
 .bss.uxCurrentNumberOfTasks
                0x1ffff800        0x4 ./SDK/rtos/FreeRTOS/src/tasks.o
 .bss.xTickCount
                0x1ffff804        0x4 ./SDK/rtos/FreeRTOS/src/tasks.o
 .bss.uxTopReadyPriority
                0x1ffff808        0x4 ./SDK/rtos/FreeRTOS/src/tasks.o
 .bss.xSchedulerRunning
                0x1ffff80c        0x4 ./SDK/rtos/FreeRTOS/src/tasks.o
 .bss.uxPendedTicks
                0x1ffff810        0x4 ./SDK/rtos/FreeRTOS/src/tasks.o
 .bss.xYieldPending
                0x1ffff814        0x4 ./SDK/rtos/FreeRTOS/src/tasks.o
 .bss.xNumOfOverflows
                0x1ffff818        0x4 ./SDK/rtos/FreeRTOS/src/tasks.o
 .bss.uxTaskNumber
                0x1ffff81c        0x4 ./SDK/rtos/FreeRTOS/src/tasks.o
 .bss.uxSchedulerSuspended
                0x1ffff820        0x4 ./SDK/rtos/FreeRTOS/src/tasks.o
 .bss.xActiveTimerList1
                0x1ffff824       0x14 ./SDK/rtos/FreeRTOS/src/timers.o
 .bss.xActiveTimerList2
                0x1ffff838       0x14 ./SDK/rtos/FreeRTOS/src/timers.o
 .bss.pxCurrentTimerList
                0x1ffff84c        0x4 ./SDK/rtos/FreeRTOS/src/timers.o
 .bss.pxOverflowTimerList
                0x1ffff850        0x4 ./SDK/rtos/FreeRTOS/src/timers.o
 .bss.xTimerQueue
                0x1ffff854        0x4 ./SDK/rtos/FreeRTOS/src/timers.o
 .bss.xLastTime.4816
                0x1ffff858        0x4 ./SDK/rtos/FreeRTOS/src/timers.o
 .bss.__malloc_sbrk_start
                0x1ffff85c        0x4 c:/freescale/kds_3.0.0/toolchain/bin/../lib/gcc/arm-none-eabi/4.8.4/../../../../arm-none-eabi/lib/armv6-m\libg_s.a(lib_a-nano-mallocr.o)
                0x1ffff85c                __malloc_sbrk_start
 .bss.__malloc_free_list
                0x1ffff860        0x4 c:/freescale/kds_3.0.0/toolchain/bin/../lib/gcc/arm-none-eabi/4.8.4/../../../../arm-none-eabi/lib/armv6-m\libg_s.a(lib_a-nano-mallocr.o)
                0x1ffff860                __malloc_free_list
 .bss.heap_end.4246
                0x1ffff864        0x4 c:/freescale/kds_3.0.0/toolchain/bin/../lib/gcc/arm-none-eabi/4.8.4/../../../../arm-none-eabi/lib/armv6-m\libnosys.a(sbrk.o)
 *(COMMON)
 COMMON         0x1ffff868        0x8 ./SDK/platform/hal/src/mcg/fsl_mcg_hal.o
                0x1ffff868                g_xtal0ClkFreq
                0x1ffff86c                g_xtalRtcClkFreq
 COMMON         0x1ffff870        0x4 c:/freescale/kds_3.0.0/toolchain/bin/../lib/gcc/arm-none-eabi/4.8.4/../../../../arm-none-eabi/lib/armv6-m\libg_s.a(lib_a-reent.o)
                0x1ffff870                errno
                0x1ffff874                . = ALIGN (0x4)
                0x1ffff874                __bss_end__ = .
                0x1ffff874                __END_BSS = .

.heap           0x1ffff874        0x4 load address 0x00003e44
                0x1ffff878                . = ALIGN (0x8)
 *fill*         0x1ffff874        0x4 
                0x1ffff878                __end__ = .
                0x1ffff878                PROVIDE (end, .)
                0x1ffff878                __HeapBase = .
                0x1ffff878                . = (. + HEAP_SIZE)
                0x1ffff878                __HeapLimit = .

.stack          0x1ffff878      0x400 load address 0x00003e48
                0x1ffff878                . = ALIGN (0x8)
                0x1ffffc78                . = (. + STACK_SIZE)
 *fill*         0x1ffff878      0x400 
                0x20003000                __StackTop = (ORIGIN (m_data) + 0x3e00)
                0x20002c00                __StackLimit = (__StackTop - STACK_SIZE)
                0x20003000                PROVIDE (__stack, __StackTop)

.ARM.attributes
                0x00000000       0x28
 *(.ARM.attributes)
 .ARM.attributes
                0x00000000       0x1e c:/freescale/kds_3.0.0/toolchain/bin/../lib/gcc/arm-none-eabi/4.8.4/armv6-m/crti.o
 .ARM.attributes
                0x0000001e       0x2c c:/freescale/kds_3.0.0/toolchain/bin/../lib/gcc/arm-none-eabi/4.8.4/armv6-m/crtbegin.o
 .ARM.attributes
                0x0000004a       0x1b c:/freescale/kds_3.0.0/toolchain/bin/../lib/gcc/arm-none-eabi/4.8.4/../../../../arm-none-eabi/lib/armv6-m/crt0.o
 .ARM.attributes
                0x00000065       0x32 ./Static_Code/System/PE_low_level_init.o
 .ARM.attributes
                0x00000097       0x32 ./Sources/main.o
 .ARM.attributes
                0x000000c9       0x32 ./SDK/rtos/FreeRTOS/src/heap_3.o
 .ARM.attributes
                0x000000fb       0x32 ./SDK/rtos/FreeRTOS/src/list.o
 .ARM.attributes
                0x0000012d       0x32 ./SDK/rtos/FreeRTOS/src/queue.o
 .ARM.attributes
                0x0000015f       0x32 ./SDK/rtos/FreeRTOS/src/tasks.o
 .ARM.attributes
                0x00000191       0x32 ./SDK/rtos/FreeRTOS/src/timers.o
 .ARM.attributes
                0x000001c3       0x32 ./SDK/rtos/FreeRTOS/port/gcc/port.o
 .ARM.attributes
                0x000001f5       0x32 ./SDK/platform/osa/src/fsl_os_abstraction_free_rtos.o
 .ARM.attributes
                0x00000227       0x32 ./SDK/platform/hal/src/mcg/fsl_mcg_hal.o
 .ARM.attributes
                0x00000259       0x1b ./SDK/platform/devices/MKL25Z4/startup/gcc/startup_MKL25Z4.o
 .ARM.attributes
                0x00000274       0x32 ./SDK/platform/devices/MKL25Z4/startup/system_MKL25Z4.o
 .ARM.attributes
                0x000002a6       0x32 ./SDK/platform/devices/startup.o
 .ARM.attributes
                0x000002d8       0x32 ./Generated_Code/Cpu.o
 .ARM.attributes
                0x0000030a       0x32 ./Generated_Code/hardware_init.o
 .ARM.attributes
                0x0000033c       0x32 ./Generated_Code/pin_init.o
 .ARM.attributes
                0x0000036e       0x1e c:/freescale/kds_3.0.0/toolchain/bin/../lib/gcc/arm-none-eabi/4.8.4/armv6-m\libgcc.a(_udivsi3.o)
 .ARM.attributes
                0x0000038c       0x1e c:/freescale/kds_3.0.0/toolchain/bin/../lib/gcc/arm-none-eabi/4.8.4/armv6-m\libgcc.a(_dvmd_tls.o)
 .ARM.attributes
                0x000003aa       0x2c c:/freescale/kds_3.0.0/toolchain/bin/../lib/gcc/arm-none-eabi/4.8.4/../../../../arm-none-eabi/lib/armv6-m\libg_s.a(lib_a-assert.o)
 .ARM.attributes
                0x000003d6       0x2c c:/freescale/kds_3.0.0/toolchain/bin/../lib/gcc/arm-none-eabi/4.8.4/../../../../arm-none-eabi/lib/armv6-m\libg_s.a(lib_a-exit.o)
 .ARM.attributes
                0x00000402       0x2c c:/freescale/kds_3.0.0/toolchain/bin/../lib/gcc/arm-none-eabi/4.8.4/../../../../arm-none-eabi/lib/armv6-m\libg_s.a(lib_a-fprintf.o)
 .ARM.attributes
                0x0000042e       0x2c c:/freescale/kds_3.0.0/toolchain/bin/../lib/gcc/arm-none-eabi/4.8.4/../../../../arm-none-eabi/lib/armv6-m\libg_s.a(lib_a-impure.o)
 .ARM.attributes
                0x0000045a       0x2c c:/freescale/kds_3.0.0/toolchain/bin/../lib/gcc/arm-none-eabi/4.8.4/../../../../arm-none-eabi/lib/armv6-m\libg_s.a(lib_a-init.o)
 .ARM.attributes
                0x00000486       0x2c c:/freescale/kds_3.0.0/toolchain/bin/../lib/gcc/arm-none-eabi/4.8.4/../../../../arm-none-eabi/lib/armv6-m\libg_s.a(lib_a-malloc.o)
 .ARM.attributes
                0x000004b2       0x2c c:/freescale/kds_3.0.0/toolchain/bin/../lib/gcc/arm-none-eabi/4.8.4/../../../../arm-none-eabi/lib/armv6-m\libg_s.a(lib_a-memcpy-stub.o)
 .ARM.attributes
                0x000004de       0x2c c:/freescale/kds_3.0.0/toolchain/bin/../lib/gcc/arm-none-eabi/4.8.4/../../../../arm-none-eabi/lib/armv6-m\libg_s.a(lib_a-memset.o)
 .ARM.attributes
                0x0000050a       0x2c c:/freescale/kds_3.0.0/toolchain/bin/../lib/gcc/arm-none-eabi/4.8.4/../../../../arm-none-eabi/lib/armv6-m\libg_s.a(lib_a-nano-freer.o)
 .ARM.attributes
                0x00000536       0x2c c:/freescale/kds_3.0.0/toolchain/bin/../lib/gcc/arm-none-eabi/4.8.4/../../../../arm-none-eabi/lib/armv6-m\libg_s.a(lib_a-nano-mallocr.o)
 .ARM.attributes
                0x00000562       0x2c c:/freescale/kds_3.0.0/toolchain/bin/../lib/gcc/arm-none-eabi/4.8.4/../../../../arm-none-eabi/lib/armv6-m\libg_s.a(lib_a-sbrkr.o)
 .ARM.attributes
                0x0000058e       0x2c c:/freescale/kds_3.0.0/toolchain/bin/../lib/gcc/arm-none-eabi/4.8.4/../../../../arm-none-eabi/lib/armv6-m\libg_s.a(lib_a-vfprintf.o)
 .ARM.attributes
                0x000005ba       0x2c c:/freescale/kds_3.0.0/toolchain/bin/../lib/gcc/arm-none-eabi/4.8.4/../../../../arm-none-eabi/lib/armv6-m\libg_s.a(lib_a-vfprintf_i.o)
 .ARM.attributes
                0x000005e6       0x2c c:/freescale/kds_3.0.0/toolchain/bin/../lib/gcc/arm-none-eabi/4.8.4/../../../../arm-none-eabi/lib/armv6-m\libg_s.a(lib_a-wbuf.o)
 .ARM.attributes
                0x00000612       0x2c c:/freescale/kds_3.0.0/toolchain/bin/../lib/gcc/arm-none-eabi/4.8.4/../../../../arm-none-eabi/lib/armv6-m\libg_s.a(lib_a-wsetup.o)
 .ARM.attributes
                0x0000063e       0x2c c:/freescale/kds_3.0.0/toolchain/bin/../lib/gcc/arm-none-eabi/4.8.4/../../../../arm-none-eabi/lib/armv6-m\libg_s.a(lib_a-abort.o)
 .ARM.attributes
                0x0000066a       0x2c c:/freescale/kds_3.0.0/toolchain/bin/../lib/gcc/arm-none-eabi/4.8.4/../../../../arm-none-eabi/lib/armv6-m\libg_s.a(lib_a-fflush.o)
 .ARM.attributes
                0x00000696       0x2c c:/freescale/kds_3.0.0/toolchain/bin/../lib/gcc/arm-none-eabi/4.8.4/../../../../arm-none-eabi/lib/armv6-m\libg_s.a(lib_a-findfp.o)
 .ARM.attributes
                0x000006c2       0x2c c:/freescale/kds_3.0.0/toolchain/bin/../lib/gcc/arm-none-eabi/4.8.4/../../../../arm-none-eabi/lib/armv6-m\libg_s.a(lib_a-makebuf.o)
 .ARM.attributes
                0x000006ee       0x2c c:/freescale/kds_3.0.0/toolchain/bin/../lib/gcc/arm-none-eabi/4.8.4/../../../../arm-none-eabi/lib/armv6-m\libg_s.a(lib_a-memchr-stub.o)
 .ARM.attributes
                0x0000071a       0x2c c:/freescale/kds_3.0.0/toolchain/bin/../lib/gcc/arm-none-eabi/4.8.4/../../../../arm-none-eabi/lib/armv6-m\libg_s.a(lib_a-reent.o)
 .ARM.attributes
                0x00000746       0x2c c:/freescale/kds_3.0.0/toolchain/bin/../lib/gcc/arm-none-eabi/4.8.4/../../../../arm-none-eabi/lib/armv6-m\libg_s.a(lib_a-signal.o)
 .ARM.attributes
                0x00000772       0x2c c:/freescale/kds_3.0.0/toolchain/bin/../lib/gcc/arm-none-eabi/4.8.4/../../../../arm-none-eabi/lib/armv6-m\libg_s.a(lib_a-signalr.o)
 .ARM.attributes
                0x0000079e       0x2c c:/freescale/kds_3.0.0/toolchain/bin/../lib/gcc/arm-none-eabi/4.8.4/../../../../arm-none-eabi/lib/armv6-m\libg_s.a(lib_a-stdio.o)
 .ARM.attributes
                0x000007ca       0x2c c:/freescale/kds_3.0.0/toolchain/bin/../lib/gcc/arm-none-eabi/4.8.4/../../../../arm-none-eabi/lib/armv6-m\libg_s.a(lib_a-strlen.o)
 .ARM.attributes
                0x000007f6       0x2c c:/freescale/kds_3.0.0/toolchain/bin/../lib/gcc/arm-none-eabi/4.8.4/../../../../arm-none-eabi/lib/armv6-m\libg_s.a(lib_a-writer.o)
 .ARM.attributes
                0x00000822       0x2c c:/freescale/kds_3.0.0/toolchain/bin/../lib/gcc/arm-none-eabi/4.8.4/../../../../arm-none-eabi/lib/armv6-m\libg_s.a(lib_a-closer.o)
 .ARM.attributes
                0x0000084e       0x2c c:/freescale/kds_3.0.0/toolchain/bin/../lib/gcc/arm-none-eabi/4.8.4/../../../../arm-none-eabi/lib/armv6-m\libg_s.a(lib_a-fstatr.o)
 .ARM.attributes
                0x0000087a       0x2c c:/freescale/kds_3.0.0/toolchain/bin/../lib/gcc/arm-none-eabi/4.8.4/../../../../arm-none-eabi/lib/armv6-m\libg_s.a(lib_a-isattyr.o)
 .ARM.attributes
                0x000008a6       0x2c c:/freescale/kds_3.0.0/toolchain/bin/../lib/gcc/arm-none-eabi/4.8.4/../../../../arm-none-eabi/lib/armv6-m\libg_s.a(lib_a-lseekr.o)
 .ARM.attributes
                0x000008d2       0x2c c:/freescale/kds_3.0.0/toolchain/bin/../lib/gcc/arm-none-eabi/4.8.4/../../../../arm-none-eabi/lib/armv6-m\libg_s.a(lib_a-readr.o)
 .ARM.attributes
                0x000008fe       0x2c c:/freescale/kds_3.0.0/toolchain/bin/../lib/gcc/arm-none-eabi/4.8.4/../../../../arm-none-eabi/lib/armv6-m\libnosys.a(close.o)
 .ARM.attributes
                0x0000092a       0x2c c:/freescale/kds_3.0.0/toolchain/bin/../lib/gcc/arm-none-eabi/4.8.4/../../../../arm-none-eabi/lib/armv6-m\libnosys.a(fstat.o)
 .ARM.attributes
                0x00000956       0x2c c:/freescale/kds_3.0.0/toolchain/bin/../lib/gcc/arm-none-eabi/4.8.4/../../../../arm-none-eabi/lib/armv6-m\libnosys.a(getpid.o)
 .ARM.attributes
                0x00000982       0x2c c:/freescale/kds_3.0.0/toolchain/bin/../lib/gcc/arm-none-eabi/4.8.4/../../../../arm-none-eabi/lib/armv6-m\libnosys.a(isatty.o)
 .ARM.attributes
                0x000009ae       0x2c c:/freescale/kds_3.0.0/toolchain/bin/../lib/gcc/arm-none-eabi/4.8.4/../../../../arm-none-eabi/lib/armv6-m\libnosys.a(kill.o)
 .ARM.attributes
                0x000009da       0x2c c:/freescale/kds_3.0.0/toolchain/bin/../lib/gcc/arm-none-eabi/4.8.4/../../../../arm-none-eabi/lib/armv6-m\libnosys.a(lseek.o)
 .ARM.attributes
                0x00000a06       0x2c c:/freescale/kds_3.0.0/toolchain/bin/../lib/gcc/arm-none-eabi/4.8.4/../../../../arm-none-eabi/lib/armv6-m\libnosys.a(read.o)
 .ARM.attributes
                0x00000a32       0x2c c:/freescale/kds_3.0.0/toolchain/bin/../lib/gcc/arm-none-eabi/4.8.4/../../../../arm-none-eabi/lib/armv6-m\libnosys.a(sbrk.o)
 .ARM.attributes
                0x00000a5e       0x2c c:/freescale/kds_3.0.0/toolchain/bin/../lib/gcc/arm-none-eabi/4.8.4/../../../../arm-none-eabi/lib/armv6-m\libnosys.a(write.o)
 .ARM.attributes
                0x00000a8a       0x2c c:/freescale/kds_3.0.0/toolchain/bin/../lib/gcc/arm-none-eabi/4.8.4/../../../../arm-none-eabi/lib/armv6-m\libnosys.a(_exit.o)
 .ARM.attributes
                0x00000ab6       0x2c c:/freescale/kds_3.0.0/toolchain/bin/../lib/gcc/arm-none-eabi/4.8.4/armv6-m/crtend.o
 .ARM.attributes
                0x00000ae2       0x1e c:/freescale/kds_3.0.0/toolchain/bin/../lib/gcc/arm-none-eabi/4.8.4/armv6-m/crtn.o
OUTPUT(main_project.elf elf32-littlearm)

.debug_info     0x00000000     0x5523
 .debug_info    0x00000000       0xf3 ./Static_Code/System/PE_low_level_init.o
 .debug_info    0x000000f3       0xe6 ./Sources/main.o
 .debug_info    0x000001d9       0xe0 ./SDK/rtos/FreeRTOS/src/heap_3.o
 .debug_info    0x000002b9      0x2a1 ./SDK/rtos/FreeRTOS/src/list.o
 .debug_info    0x0000055a      0xa65 ./SDK/rtos/FreeRTOS/src/queue.o
 .debug_info    0x00000fbf      0xf89 ./SDK/rtos/FreeRTOS/src/tasks.o
 .debug_info    0x00001f48      0x92b ./SDK/rtos/FreeRTOS/src/timers.o
 .debug_info    0x00002873      0x1fa ./SDK/rtos/FreeRTOS/port/gcc/port.o
 .debug_info    0x00002a6d      0xdf3 ./SDK/platform/osa/src/fsl_os_abstraction_free_rtos.o
 .debug_info    0x00003860      0xb9f ./SDK/platform/hal/src/mcg/fsl_mcg_hal.o
 .debug_info    0x000043ff       0x98 ./SDK/platform/devices/MKL25Z4/startup/gcc/startup_MKL25Z4.o
 .debug_info    0x00004497      0x672 ./SDK/platform/devices/MKL25Z4/startup/system_MKL25Z4.o
 .debug_info    0x00004b09      0x296 ./SDK/platform/devices/startup.o
 .debug_info    0x00004d9f       0xe2 ./Generated_Code/Cpu.o
 .debug_info    0x00004e81      0x3cf ./Generated_Code/hardware_init.o
 .debug_info    0x00005250      0x2d3 ./Generated_Code/pin_init.o

.debug_abbrev   0x00000000     0x1184
 .debug_abbrev  0x00000000       0x75 ./Static_Code/System/PE_low_level_init.o
 .debug_abbrev  0x00000075       0x77 ./Sources/main.o
 .debug_abbrev  0x000000ec       0xa2 ./SDK/rtos/FreeRTOS/src/heap_3.o
 .debug_abbrev  0x0000018e       0xc1 ./SDK/rtos/FreeRTOS/src/list.o
 .debug_abbrev  0x0000024f      0x189 ./SDK/rtos/FreeRTOS/src/queue.o
 .debug_abbrev  0x000003d8      0x208 ./SDK/rtos/FreeRTOS/src/tasks.o
 .debug_abbrev  0x000005e0      0x194 ./SDK/rtos/FreeRTOS/src/timers.o
 .debug_abbrev  0x00000774       0xed ./SDK/rtos/FreeRTOS/port/gcc/port.o
 .debug_abbrev  0x00000861      0x221 ./SDK/platform/osa/src/fsl_os_abstraction_free_rtos.o
 .debug_abbrev  0x00000a82      0x22c ./SDK/platform/hal/src/mcg/fsl_mcg_hal.o
 .debug_abbrev  0x00000cae       0x14 ./SDK/platform/devices/MKL25Z4/startup/gcc/startup_MKL25Z4.o
 .debug_abbrev  0x00000cc2      0x121 ./SDK/platform/devices/MKL25Z4/startup/system_MKL25Z4.o
 .debug_abbrev  0x00000de3       0xe9 ./SDK/platform/devices/startup.o
 .debug_abbrev  0x00000ecc       0x75 ./Generated_Code/Cpu.o
 .debug_abbrev  0x00000f41      0x10c ./Generated_Code/hardware_init.o
 .debug_abbrev  0x0000104d      0x137 ./Generated_Code/pin_init.o

.debug_aranges  0x00000000      0x728
 .debug_aranges
                0x00000000       0x28 ./Static_Code/System/PE_low_level_init.o
 .debug_aranges
                0x00000028       0x20 ./Sources/main.o
 .debug_aranges
                0x00000048       0x28 ./SDK/rtos/FreeRTOS/src/heap_3.o
 .debug_aranges
                0x00000070       0x40 ./SDK/rtos/FreeRTOS/src/list.o
 .debug_aranges
                0x000000b0       0xd8 ./SDK/rtos/FreeRTOS/src/queue.o
 .debug_aranges
                0x00000188      0x168 ./SDK/rtos/FreeRTOS/src/tasks.o
 .debug_aranges
                0x000002f0       0x98 ./SDK/rtos/FreeRTOS/src/timers.o
 .debug_aranges
                0x00000388       0x80 ./SDK/rtos/FreeRTOS/port/gcc/port.o
 .debug_aranges
                0x00000408      0x148 ./SDK/platform/osa/src/fsl_os_abstraction_free_rtos.o
 .debug_aranges
                0x00000550       0xd8 ./SDK/platform/hal/src/mcg/fsl_mcg_hal.o
 .debug_aranges
                0x00000628       0x20 ./SDK/platform/devices/MKL25Z4/startup/gcc/startup_MKL25Z4.o
 .debug_aranges
                0x00000648       0x28 ./SDK/platform/devices/MKL25Z4/startup/system_MKL25Z4.o
 .debug_aranges
                0x00000670       0x20 ./SDK/platform/devices/startup.o
 .debug_aranges
                0x00000690       0x20 ./Generated_Code/Cpu.o
 .debug_aranges
                0x000006b0       0x28 ./Generated_Code/hardware_init.o
 .debug_aranges
                0x000006d8       0x50 ./Generated_Code/pin_init.o

.debug_ranges   0x00000000      0x618
 .debug_ranges  0x00000000       0x18 ./Static_Code/System/PE_low_level_init.o
 .debug_ranges  0x00000018       0x10 ./Sources/main.o
 .debug_ranges  0x00000028       0x18 ./SDK/rtos/FreeRTOS/src/heap_3.o
 .debug_ranges  0x00000040       0x30 ./SDK/rtos/FreeRTOS/src/list.o
 .debug_ranges  0x00000070       0xc8 ./SDK/rtos/FreeRTOS/src/queue.o
 .debug_ranges  0x00000138      0x158 ./SDK/rtos/FreeRTOS/src/tasks.o
 .debug_ranges  0x00000290       0x88 ./SDK/rtos/FreeRTOS/src/timers.o
 .debug_ranges  0x00000318       0x70 ./SDK/rtos/FreeRTOS/port/gcc/port.o
 .debug_ranges  0x00000388      0x138 ./SDK/platform/osa/src/fsl_os_abstraction_free_rtos.o
 .debug_ranges  0x000004c0       0xc8 ./SDK/platform/hal/src/mcg/fsl_mcg_hal.o
 .debug_ranges  0x00000588       0x18 ./SDK/platform/devices/MKL25Z4/startup/system_MKL25Z4.o
 .debug_ranges  0x000005a0       0x10 ./SDK/platform/devices/startup.o
 .debug_ranges  0x000005b0       0x10 ./Generated_Code/Cpu.o
 .debug_ranges  0x000005c0       0x18 ./Generated_Code/hardware_init.o
 .debug_ranges  0x000005d8       0x40 ./Generated_Code/pin_init.o

.debug_macro    0x00000000    0x14a64
 .debug_macro   0x00000000      0x34b ./Static_Code/System/PE_low_level_init.o
 .debug_macro   0x0000034b      0x80e ./Static_Code/System/PE_low_level_init.o
 .debug_macro   0x00000b59       0x11 ./Static_Code/System/PE_low_level_init.o
 .debug_macro   0x00000b6a       0x16 ./Static_Code/System/PE_low_level_init.o
 .debug_macro   0x00000b80       0x16 ./Static_Code/System/PE_low_level_init.o
 .debug_macro   0x00000b96       0x44 ./Static_Code/System/PE_low_level_init.o
 .debug_macro   0x00000bda      0x209 ./Static_Code/System/PE_low_level_init.o
 .debug_macro   0x00000de3       0x3a ./Static_Code/System/PE_low_level_init.o
 .debug_macro   0x00000e1d       0x3a ./Static_Code/System/PE_low_level_init.o
 .debug_macro   0x00000e57       0x1f ./Static_Code/System/PE_low_level_init.o
 .debug_macro   0x00000e76      0x250 ./Static_Code/System/PE_low_level_init.o
 .debug_macro   0x000010c6       0xc6 ./Static_Code/System/PE_low_level_init.o
 .debug_macro   0x0000118c     0x8439 ./Static_Code/System/PE_low_level_init.o
 .debug_macro   0x000095c5       0x58 ./Static_Code/System/PE_low_level_init.o
 .debug_macro   0x0000961d       0x35 ./Static_Code/System/PE_low_level_init.o
 .debug_macro   0x00009652       0xa3 ./Static_Code/System/PE_low_level_init.o
 .debug_macro   0x000096f5       0x16 ./Static_Code/System/PE_low_level_init.o
 .debug_macro   0x0000970b      0x10e ./Static_Code/System/PE_low_level_init.o
 .debug_macro   0x00009819       0x7f ./Static_Code/System/PE_low_level_init.o
 .debug_macro   0x00009898       0x52 ./Static_Code/System/PE_low_level_init.o
 .debug_macro   0x000098ea       0x16 ./Static_Code/System/PE_low_level_init.o
 .debug_macro   0x00009900       0x43 ./Static_Code/System/PE_low_level_init.o
 .debug_macro   0x00009943      0x180 ./Static_Code/System/PE_low_level_init.o
 .debug_macro   0x00009ac3       0x22 ./Static_Code/System/PE_low_level_init.o
 .debug_macro   0x00009ae5       0x7c ./Static_Code/System/PE_low_level_init.o
 .debug_macro   0x00009b61     0x764c ./Static_Code/System/PE_low_level_init.o
 .debug_macro   0x000111ad     0x10b2 ./Static_Code/System/PE_low_level_init.o
 .debug_macro   0x0001225f       0x22 ./Static_Code/System/PE_low_level_init.o
 .debug_macro   0x00012281       0x16 ./Static_Code/System/PE_low_level_init.o
 .debug_macro   0x00012297       0x10 ./Static_Code/System/PE_low_level_init.o
 .debug_macro   0x000122a7       0x11 ./Static_Code/System/PE_low_level_init.o
 .debug_macro   0x000122b8       0x10 ./Static_Code/System/PE_low_level_init.o
 .debug_macro   0x000122c8       0x10 ./Static_Code/System/PE_low_level_init.o
 .debug_macro   0x000122d8       0x10 ./Static_Code/System/PE_low_level_init.o
 .debug_macro   0x000122e8       0x16 ./Static_Code/System/PE_low_level_init.o
 .debug_macro   0x000122fe      0x202 ./Static_Code/System/PE_low_level_init.o
 .debug_macro   0x00012500       0x40 ./Static_Code/System/PE_low_level_init.o
 .debug_macro   0x00012540       0xce ./Static_Code/System/PE_low_level_init.o
 .debug_macro   0x0001260e       0x12 ./Static_Code/System/PE_low_level_init.o
 .debug_macro   0x00012620       0x1f ./Static_Code/System/PE_low_level_init.o
 .debug_macro   0x0001263f       0x79 ./Static_Code/System/PE_low_level_init.o
 .debug_macro   0x000126b8       0x69 ./Static_Code/System/PE_low_level_init.o
 .debug_macro   0x00012721      0x2ff ./Static_Code/System/PE_low_level_init.o
 .debug_macro   0x00012a20       0xb0 ./Static_Code/System/PE_low_level_init.o
 .debug_macro   0x00012ad0       0x7e ./Static_Code/System/PE_low_level_init.o
 .debug_macro   0x00012b4e       0x97 ./Static_Code/System/PE_low_level_init.o
 .debug_macro   0x00012be5       0x19 ./Static_Code/System/PE_low_level_init.o
 .debug_macro   0x00012bfe       0x35 ./Static_Code/System/PE_low_level_init.o
 .debug_macro   0x00012c33       0x12 ./Static_Code/System/PE_low_level_init.o
 .debug_macro   0x00012c45       0x22 ./Static_Code/System/PE_low_level_init.o
 .debug_macro   0x00012c67       0x20 ./Static_Code/System/PE_low_level_init.o
 .debug_macro   0x00012c87      0x331 ./Sources/main.o
 .debug_macro   0x00012fb8      0x14f ./SDK/rtos/FreeRTOS/src/heap_3.o
 .debug_macro   0x00013107      0x143 ./SDK/rtos/FreeRTOS/src/list.o
 .debug_macro   0x0001324a      0x1bf ./SDK/rtos/FreeRTOS/src/queue.o
 .debug_macro   0x00013409      0x2a6 ./SDK/rtos/FreeRTOS/src/queue.o
 .debug_macro   0x000136af       0x10 ./SDK/rtos/FreeRTOS/src/queue.o
 .debug_macro   0x000136bf       0x35 ./SDK/rtos/FreeRTOS/src/queue.o
 .debug_macro   0x000136f4      0x1f8 ./SDK/rtos/FreeRTOS/src/tasks.o
 .debug_macro   0x000138ec       0x16 ./SDK/rtos/FreeRTOS/src/tasks.o
 .debug_macro   0x00013902      0x167 ./SDK/rtos/FreeRTOS/src/timers.o
 .debug_macro   0x00013a69      0x196 ./SDK/rtos/FreeRTOS/port/gcc/port.o
 .debug_macro   0x00013bff       0xc8 ./SDK/rtos/FreeRTOS/port/gcc/port.o
 .debug_macro   0x00013cc7       0x18 ./SDK/rtos/FreeRTOS/port/gcc/port.o
 .debug_macro   0x00013cdf       0x46 ./SDK/rtos/FreeRTOS/port/gcc/port.o
 .debug_macro   0x00013d25      0x25b ./SDK/platform/osa/src/fsl_os_abstraction_free_rtos.o
 .debug_macro   0x00013f80      0x174 ./SDK/platform/hal/src/mcg/fsl_mcg_hal.o
 .debug_macro   0x000140f4      0x158 ./SDK/platform/devices/MKL25Z4/startup/system_MKL25Z4.o
 .debug_macro   0x0001424c      0x167 ./SDK/platform/devices/startup.o
 .debug_macro   0x000143b3      0x342 ./Generated_Code/Cpu.o
 .debug_macro   0x000146f5       0x19 ./Generated_Code/Cpu.o
 .debug_macro   0x0001470e      0x1b1 ./Generated_Code/hardware_init.o
 .debug_macro   0x000148bf      0x1a5 ./Generated_Code/pin_init.o

.debug_line     0x00000000     0x63ec
 .debug_line    0x00000000      0x8f7 ./Static_Code/System/PE_low_level_init.o
 .debug_line    0x000008f7      0x879 ./Sources/main.o
 .debug_line    0x00001170      0x372 ./SDK/rtos/FreeRTOS/src/heap_3.o
 .debug_line    0x000014e2      0x3c8 ./SDK/rtos/FreeRTOS/src/list.o
 .debug_line    0x000018aa      0x8b8 ./SDK/rtos/FreeRTOS/src/queue.o
 .debug_line    0x00002162      0xb6e ./SDK/rtos/FreeRTOS/src/tasks.o
 .debug_line    0x00002cd0      0x587 ./SDK/rtos/FreeRTOS/src/timers.o
 .debug_line    0x00003257      0x3ad ./SDK/rtos/FreeRTOS/port/gcc/port.o
 .debug_line    0x00003604      0xac0 ./SDK/platform/osa/src/fsl_os_abstraction_free_rtos.o
 .debug_line    0x000040c4      0x731 ./SDK/platform/hal/src/mcg/fsl_mcg_hal.o
 .debug_line    0x000047f5       0x77 ./SDK/platform/devices/MKL25Z4/startup/gcc/startup_MKL25Z4.o
 .debug_line    0x0000486c      0x495 ./SDK/platform/devices/MKL25Z4/startup/system_MKL25Z4.o
 .debug_line    0x00004d01      0x3bf ./SDK/platform/devices/startup.o
 .debug_line    0x000050c0      0x8ce ./Generated_Code/Cpu.o
 .debug_line    0x0000598e      0x501 ./Generated_Code/hardware_init.o
 .debug_line    0x00005e8f      0x55d ./Generated_Code/pin_init.o

.debug_str      0x00000000    0xa4907
 .debug_str     0x00000000    0x9ffd8 ./Static_Code/System/PE_low_level_init.o
                              0xa04ca (size before relaxing)
 .debug_str     0x0009ffd8       0x17 ./Sources/main.o
                              0xa046b (size before relaxing)
 .debug_str     0x0009ffef       0x97 ./SDK/rtos/FreeRTOS/src/heap_3.o
                               0x6f89 (size before relaxing)
 .debug_str     0x000a0086      0x142 ./SDK/rtos/FreeRTOS/src/list.o
                               0x705e (size before relaxing)
 .debug_str     0x000a01c8     0x1556 ./SDK/rtos/FreeRTOS/src/queue.o
                               0x8ff2 (size before relaxing)
 .debug_str     0x000a171e      0xd5c ./SDK/rtos/FreeRTOS/src/tasks.o
                               0x94e4 (size before relaxing)
 .debug_str     0x000a247a      0x442 ./SDK/rtos/FreeRTOS/src/timers.o
                               0x86ce (size before relaxing)
 .debug_str     0x000a28bc      0x94c ./SDK/rtos/FreeRTOS/port/gcc/port.o
                               0x650d (size before relaxing)
 .debug_str     0x000a3208      0x7b1 ./SDK/platform/osa/src/fsl_os_abstraction_free_rtos.o
                              0xa1974 (size before relaxing)
 .debug_str     0x000a39b9      0x8fd ./SDK/platform/hal/src/mcg/fsl_mcg_hal.o
                              0x9c2f5 (size before relaxing)
 .debug_str     0x000a42b6      0x1c3 ./SDK/platform/devices/MKL25Z4/startup/system_MKL25Z4.o
                              0x9bca7 (size before relaxing)
 .debug_str     0x000a4479      0x126 ./SDK/platform/devices/startup.o
                              0x9ba10 (size before relaxing)
 .debug_str     0x000a459f       0x28 ./Generated_Code/Cpu.o
                              0xa047c (size before relaxing)
 .debug_str     0x000a45c7      0x253 ./Generated_Code/hardware_init.o
                              0x9bd89 (size before relaxing)
 .debug_str     0x000a481a       0xed ./Generated_Code/pin_init.o
                              0x9bb86 (size before relaxing)

.comment        0x00000000       0x70
 .comment       0x00000000       0x70 ./Static_Code/System/PE_low_level_init.o
                                 0x71 (size before relaxing)
 .comment       0x00000000       0x71 ./Sources/main.o
 .comment       0x00000000       0x71 ./SDK/rtos/FreeRTOS/src/heap_3.o
 .comment       0x00000000       0x71 ./SDK/rtos/FreeRTOS/src/list.o
 .comment       0x00000000       0x71 ./SDK/rtos/FreeRTOS/src/queue.o
 .comment       0x00000000       0x71 ./SDK/rtos/FreeRTOS/src/tasks.o
 .comment       0x00000000       0x71 ./SDK/rtos/FreeRTOS/src/timers.o
 .comment       0x00000000       0x71 ./SDK/rtos/FreeRTOS/port/gcc/port.o
 .comment       0x00000000       0x71 ./SDK/platform/osa/src/fsl_os_abstraction_free_rtos.o
 .comment       0x00000000       0x71 ./SDK/platform/hal/src/mcg/fsl_mcg_hal.o
 .comment       0x00000000       0x71 ./SDK/platform/devices/MKL25Z4/startup/system_MKL25Z4.o
 .comment       0x00000000       0x71 ./SDK/platform/devices/startup.o
 .comment       0x00000000       0x71 ./Generated_Code/Cpu.o
 .comment       0x00000000       0x71 ./Generated_Code/hardware_init.o
 .comment       0x00000000       0x71 ./Generated_Code/pin_init.o

.debug_frame    0x00000000     0x20f8
 .debug_frame   0x00000000       0x48 ./Static_Code/System/PE_low_level_init.o
 .debug_frame   0x00000048       0x2c ./Sources/main.o
 .debug_frame   0x00000074       0x50 ./SDK/rtos/FreeRTOS/src/heap_3.o
 .debug_frame   0x000000c4       0xb0 ./SDK/rtos/FreeRTOS/src/list.o
 .debug_frame   0x00000174      0x310 ./SDK/rtos/FreeRTOS/src/queue.o
 .debug_frame   0x00000484      0x540 ./SDK/rtos/FreeRTOS/src/tasks.o
 .debug_frame   0x000009c4      0x20c ./SDK/rtos/FreeRTOS/src/timers.o
 .debug_frame   0x00000bd0      0x16c ./SDK/rtos/FreeRTOS/port/gcc/port.o
 .debug_frame   0x00000d3c      0x4c0 ./SDK/platform/osa/src/fsl_os_abstraction_free_rtos.o
 .debug_frame   0x000011fc      0x310 ./SDK/platform/hal/src/mcg/fsl_mcg_hal.o
 .debug_frame   0x0000150c       0x4c ./SDK/platform/devices/MKL25Z4/startup/system_MKL25Z4.o
 .debug_frame   0x00001558       0x30 ./SDK/platform/devices/startup.o
 .debug_frame   0x00001588       0x2c ./Generated_Code/Cpu.o
 .debug_frame   0x000015b4       0x4c ./Generated_Code/hardware_init.o
 .debug_frame   0x00001600       0xf0 ./Generated_Code/pin_init.o
 .debug_frame   0x000016f0       0x20 c:/freescale/kds_3.0.0/toolchain/bin/../lib/gcc/arm-none-eabi/4.8.4/armv6-m\libgcc.a(_udivsi3.o)
 .debug_frame   0x00001710       0x4c c:/freescale/kds_3.0.0/toolchain/bin/../lib/gcc/arm-none-eabi/4.8.4/../../../../arm-none-eabi/lib/armv6-m\libg_s.a(lib_a-assert.o)
 .debug_frame   0x0000175c       0x28 c:/freescale/kds_3.0.0/toolchain/bin/../lib/gcc/arm-none-eabi/4.8.4/../../../../arm-none-eabi/lib/armv6-m\libg_s.a(lib_a-exit.o)
 .debug_frame   0x00001784       0x4c c:/freescale/kds_3.0.0/toolchain/bin/../lib/gcc/arm-none-eabi/4.8.4/../../../../arm-none-eabi/lib/armv6-m\libg_s.a(lib_a-fprintf.o)
 .debug_frame   0x000017d0       0x2c c:/freescale/kds_3.0.0/toolchain/bin/../lib/gcc/arm-none-eabi/4.8.4/../../../../arm-none-eabi/lib/armv6-m\libg_s.a(lib_a-init.o)
 .debug_frame   0x000017fc       0x40 c:/freescale/kds_3.0.0/toolchain/bin/../lib/gcc/arm-none-eabi/4.8.4/../../../../arm-none-eabi/lib/armv6-m\libg_s.a(lib_a-malloc.o)
 .debug_frame   0x0000183c       0x28 c:/freescale/kds_3.0.0/toolchain/bin/../lib/gcc/arm-none-eabi/4.8.4/../../../../arm-none-eabi/lib/armv6-m\libg_s.a(lib_a-memcpy-stub.o)
 .debug_frame   0x00001864       0x20 c:/freescale/kds_3.0.0/toolchain/bin/../lib/gcc/arm-none-eabi/4.8.4/../../../../arm-none-eabi/lib/armv6-m\libg_s.a(lib_a-memset.o)
 .debug_frame   0x00001884       0x2c c:/freescale/kds_3.0.0/toolchain/bin/../lib/gcc/arm-none-eabi/4.8.4/../../../../arm-none-eabi/lib/armv6-m\libg_s.a(lib_a-nano-freer.o)
 .debug_frame   0x000018b0       0x2c c:/freescale/kds_3.0.0/toolchain/bin/../lib/gcc/arm-none-eabi/4.8.4/../../../../arm-none-eabi/lib/armv6-m\libg_s.a(lib_a-nano-mallocr.o)
 .debug_frame   0x000018dc       0x2c c:/freescale/kds_3.0.0/toolchain/bin/../lib/gcc/arm-none-eabi/4.8.4/../../../../arm-none-eabi/lib/armv6-m\libg_s.a(lib_a-sbrkr.o)
 .debug_frame   0x00001908       0xa0 c:/freescale/kds_3.0.0/toolchain/bin/../lib/gcc/arm-none-eabi/4.8.4/../../../../arm-none-eabi/lib/armv6-m\libg_s.a(lib_a-vfprintf.o)
 .debug_frame   0x000019a8       0x54 c:/freescale/kds_3.0.0/toolchain/bin/../lib/gcc/arm-none-eabi/4.8.4/../../../../arm-none-eabi/lib/armv6-m\libg_s.a(lib_a-vfprintf_i.o)
 .debug_frame   0x000019fc       0x44 c:/freescale/kds_3.0.0/toolchain/bin/../lib/gcc/arm-none-eabi/4.8.4/../../../../arm-none-eabi/lib/armv6-m\libg_s.a(lib_a-wbuf.o)
 .debug_frame   0x00001a40       0x2c c:/freescale/kds_3.0.0/toolchain/bin/../lib/gcc/arm-none-eabi/4.8.4/../../../../arm-none-eabi/lib/armv6-m\libg_s.a(lib_a-wsetup.o)
 .debug_frame   0x00001a6c       0x28 c:/freescale/kds_3.0.0/toolchain/bin/../lib/gcc/arm-none-eabi/4.8.4/../../../../arm-none-eabi/lib/armv6-m\libg_s.a(lib_a-abort.o)
 .debug_frame   0x00001a94       0x68 c:/freescale/kds_3.0.0/toolchain/bin/../lib/gcc/arm-none-eabi/4.8.4/../../../../arm-none-eabi/lib/armv6-m\libg_s.a(lib_a-fflush.o)
 .debug_frame   0x00001afc      0x148 c:/freescale/kds_3.0.0/toolchain/bin/../lib/gcc/arm-none-eabi/4.8.4/../../../../arm-none-eabi/lib/armv6-m\libg_s.a(lib_a-findfp.o)
 .debug_frame   0x00001c44       0x30 c:/freescale/kds_3.0.0/toolchain/bin/../lib/gcc/arm-none-eabi/4.8.4/../../../../arm-none-eabi/lib/armv6-m\libg_s.a(lib_a-makebuf.o)
 .debug_frame   0x00001c74       0x20 c:/freescale/kds_3.0.0/toolchain/bin/../lib/gcc/arm-none-eabi/4.8.4/../../../../arm-none-eabi/lib/armv6-m\libg_s.a(lib_a-memchr-stub.o)
 .debug_frame   0x00001c94       0x48 c:/freescale/kds_3.0.0/toolchain/bin/../lib/gcc/arm-none-eabi/4.8.4/../../../../arm-none-eabi/lib/armv6-m\libg_s.a(lib_a-reent.o)
 .debug_frame   0x00001cdc       0xe0 c:/freescale/kds_3.0.0/toolchain/bin/../lib/gcc/arm-none-eabi/4.8.4/../../../../arm-none-eabi/lib/armv6-m\libg_s.a(lib_a-signal.o)
 .debug_frame   0x00001dbc       0x44 c:/freescale/kds_3.0.0/toolchain/bin/../lib/gcc/arm-none-eabi/4.8.4/../../../../arm-none-eabi/lib/armv6-m\libg_s.a(lib_a-signalr.o)
 .debug_frame   0x00001e00       0x90 c:/freescale/kds_3.0.0/toolchain/bin/../lib/gcc/arm-none-eabi/4.8.4/../../../../arm-none-eabi/lib/armv6-m\libg_s.a(lib_a-stdio.o)
 .debug_frame   0x00001e90       0x20 c:/freescale/kds_3.0.0/toolchain/bin/../lib/gcc/arm-none-eabi/4.8.4/../../../../arm-none-eabi/lib/armv6-m\libg_s.a(lib_a-strlen.o)
 .debug_frame   0x00001eb0       0x2c c:/freescale/kds_3.0.0/toolchain/bin/../lib/gcc/arm-none-eabi/4.8.4/../../../../arm-none-eabi/lib/armv6-m\libg_s.a(lib_a-writer.o)
 .debug_frame   0x00001edc       0x2c c:/freescale/kds_3.0.0/toolchain/bin/../lib/gcc/arm-none-eabi/4.8.4/../../../../arm-none-eabi/lib/armv6-m\libg_s.a(lib_a-closer.o)
 .debug_frame   0x00001f08       0x2c c:/freescale/kds_3.0.0/toolchain/bin/../lib/gcc/arm-none-eabi/4.8.4/../../../../arm-none-eabi/lib/armv6-m\libg_s.a(lib_a-fstatr.o)
 .debug_frame   0x00001f34       0x2c c:/freescale/kds_3.0.0/toolchain/bin/../lib/gcc/arm-none-eabi/4.8.4/../../../../arm-none-eabi/lib/armv6-m\libg_s.a(lib_a-isattyr.o)
 .debug_frame   0x00001f60       0x2c c:/freescale/kds_3.0.0/toolchain/bin/../lib/gcc/arm-none-eabi/4.8.4/../../../../arm-none-eabi/lib/armv6-m\libg_s.a(lib_a-lseekr.o)
 .debug_frame   0x00001f8c       0x2c c:/freescale/kds_3.0.0/toolchain/bin/../lib/gcc/arm-none-eabi/4.8.4/../../../../arm-none-eabi/lib/armv6-m\libg_s.a(lib_a-readr.o)
 .debug_frame   0x00001fb8       0x20 c:/freescale/kds_3.0.0/toolchain/bin/../lib/gcc/arm-none-eabi/4.8.4/../../../../arm-none-eabi/lib/armv6-m\libnosys.a(close.o)
 .debug_frame   0x00001fd8       0x20 c:/freescale/kds_3.0.0/toolchain/bin/../lib/gcc/arm-none-eabi/4.8.4/../../../../arm-none-eabi/lib/armv6-m\libnosys.a(fstat.o)
 .debug_frame   0x00001ff8       0x20 c:/freescale/kds_3.0.0/toolchain/bin/../lib/gcc/arm-none-eabi/4.8.4/../../../../arm-none-eabi/lib/armv6-m\libnosys.a(getpid.o)
 .debug_frame   0x00002018       0x20 c:/freescale/kds_3.0.0/toolchain/bin/../lib/gcc/arm-none-eabi/4.8.4/../../../../arm-none-eabi/lib/armv6-m\libnosys.a(isatty.o)
 .debug_frame   0x00002038       0x20 c:/freescale/kds_3.0.0/toolchain/bin/../lib/gcc/arm-none-eabi/4.8.4/../../../../arm-none-eabi/lib/armv6-m\libnosys.a(kill.o)
 .debug_frame   0x00002058       0x20 c:/freescale/kds_3.0.0/toolchain/bin/../lib/gcc/arm-none-eabi/4.8.4/../../../../arm-none-eabi/lib/armv6-m\libnosys.a(lseek.o)
 .debug_frame   0x00002078       0x20 c:/freescale/kds_3.0.0/toolchain/bin/../lib/gcc/arm-none-eabi/4.8.4/../../../../arm-none-eabi/lib/armv6-m\libnosys.a(read.o)
 .debug_frame   0x00002098       0x20 c:/freescale/kds_3.0.0/toolchain/bin/../lib/gcc/arm-none-eabi/4.8.4/../../../../arm-none-eabi/lib/armv6-m\libnosys.a(sbrk.o)
 .debug_frame   0x000020b8       0x20 c:/freescale/kds_3.0.0/toolchain/bin/../lib/gcc/arm-none-eabi/4.8.4/../../../../arm-none-eabi/lib/armv6-m\libnosys.a(write.o)
 .debug_frame   0x000020d8       0x20 c:/freescale/kds_3.0.0/toolchain/bin/../lib/gcc/arm-none-eabi/4.8.4/../../../../arm-none-eabi/lib/armv6-m\libnosys.a(_exit.o)

.stab           0x00000000       0xcc
 .stab          0x00000000       0x24 c:/freescale/kds_3.0.0/toolchain/bin/../lib/gcc/arm-none-eabi/4.8.4/../../../../arm-none-eabi/lib/armv6-m\libnosys.a(close.o)
 .stab          0x00000024       0x18 c:/freescale/kds_3.0.0/toolchain/bin/../lib/gcc/arm-none-eabi/4.8.4/../../../../arm-none-eabi/lib/armv6-m\libnosys.a(fstat.o)
                                 0x24 (size before relaxing)
 .stab          0x0000003c       0x18 c:/freescale/kds_3.0.0/toolchain/bin/../lib/gcc/arm-none-eabi/4.8.4/../../../../arm-none-eabi/lib/armv6-m\libnosys.a(getpid.o)
                                 0x24 (size before relaxing)
 .stab          0x00000054       0x18 c:/freescale/kds_3.0.0/toolchain/bin/../lib/gcc/arm-none-eabi/4.8.4/../../../../arm-none-eabi/lib/armv6-m\libnosys.a(isatty.o)
                                 0x24 (size before relaxing)
 .stab          0x0000006c       0x18 c:/freescale/kds_3.0.0/toolchain/bin/../lib/gcc/arm-none-eabi/4.8.4/../../../../arm-none-eabi/lib/armv6-m\libnosys.a(kill.o)
                                 0x24 (size before relaxing)
 .stab          0x00000084       0x18 c:/freescale/kds_3.0.0/toolchain/bin/../lib/gcc/arm-none-eabi/4.8.4/../../../../arm-none-eabi/lib/armv6-m\libnosys.a(lseek.o)
                                 0x24 (size before relaxing)
 .stab          0x0000009c       0x18 c:/freescale/kds_3.0.0/toolchain/bin/../lib/gcc/arm-none-eabi/4.8.4/../../../../arm-none-eabi/lib/armv6-m\libnosys.a(read.o)
                                 0x24 (size before relaxing)
 .stab          0x000000b4       0x18 c:/freescale/kds_3.0.0/toolchain/bin/../lib/gcc/arm-none-eabi/4.8.4/../../../../arm-none-eabi/lib/armv6-m\libnosys.a(write.o)
                                 0x24 (size before relaxing)

.stabstr        0x00000000      0x1b9
 .stabstr       0x00000000      0x1b9 c:/freescale/kds_3.0.0/toolchain/bin/../lib/gcc/arm-none-eabi/4.8.4/../../../../arm-none-eabi/lib/armv6-m\libnosys.a(close.o)
